[17:33:14] [ServerMain/WARN]: [oshi.util.platform.mac.SysctlUtil] Failed sysctl call: hw.cpufrequency, Error code: 2
[17:33:22] [ServerMain/INFO]: Environment: Environment[sessionHost=https://sessionserver.mojang.com, servicesHost=https://api.minecraftservices.com, name=PROD]
[17:33:23] [ServerMain/INFO]: Found non-pack entry './MainLobby/datapacks/downloaded', ignoring
[17:33:24] [ServerMain/INFO]: Loaded 1174 recipes
[17:33:24] [ServerMain/INFO]: Loaded 1271 advancements
[17:33:24] [Server thread/INFO]: Starting minecraft server version 1.20.4
[17:33:24] [Server thread/INFO]: Loading properties
[17:33:24] [Server thread/INFO]: This server is running Paper version git-Paper-499 (MC: 1.20.4) (Implementing API version 1.20.4-R0.1-SNAPSHOT) (Git: 9de3f75 on ver/1.20.4)
[17:33:25] [Server thread/INFO]: Server Ping Player Sample Count: 12
[17:33:25] [Server thread/INFO]: Using 4 threads for Netty based IO
[17:33:25] [Server thread/WARN]: [!] The timings profiler has been enabled but has been scheduled for removal from Paper in the future.
    We recommend installing the spark profiler as a replacement: https://spark.lucko.me/
    For more information please visit: https://github.com/PaperMC/Paper/issues/8948
[17:33:25] [Server thread/INFO]: [ChunkTaskScheduler] Chunk system is using 1 I/O threads, 2 worker threads, and gen parallelism of 2 threads
[17:33:25] [Server thread/INFO]: Default game type: ADVENTURE
[17:33:25] [Server thread/INFO]: Generating keypair
[17:33:26] [Server thread/INFO]: Starting Minecraft server on *:25555
[17:33:26] [Server thread/INFO]: Using default channel type
[17:33:26] [Server thread/INFO]: Paper: Using libdeflate (macOS ARM64 / Apple Silicon) compression from Velocity.
[17:33:26] [Server thread/INFO]: Paper: Using native (macOS ARM64 / Apple Silicon) cipher from Velocity.
[17:33:26] [Server thread/INFO]: [bannanDefaultLobby] Loading server plugin bannanDefaultLobby v1
[17:33:26] [Server thread/INFO]: Server permissions file permissions.yml is empty, ignoring it
[17:33:26] [Server thread/INFO]: [bannanDefaultLobby] Enabling bannanDefaultLobby v1
[17:33:26] [Server thread/WARN]: **** SERVER IS RUNNING IN OFFLINE/INSECURE MODE!
[17:33:26] [Server thread/WARN]: The server will make no attempt to authenticate usernames. Beware.
[17:33:26] [Server thread/WARN]: Whilst this makes it possible to use Velocity, unless access to your server is properly restricted, it also opens up the ability for hackers to connect with any username they choose.
[17:33:26] [Server thread/WARN]: Please see https://docs.papermc.io/velocity/security for further information.
[17:33:26] [Server thread/WARN]: To change this, set "online-mode" to "true" in the server.properties file.
[17:33:26] [Server thread/INFO]: Preparing level "MainLobby"
[17:33:27] [Server thread/INFO]: Preparing start region for dimension minecraft:overworld
[17:33:27] [Server thread/INFO]: Time elapsed: 366 ms
[17:33:27] [Server thread/INFO]: Preparing start region for dimension minecraft:the_end
[17:33:27] [Server thread/INFO]: Time elapsed: 117 ms
[17:33:28] [Server thread/INFO]: Running delayed init tasks
[17:33:28] [Server thread/INFO]: Done (3.395s)! For help, type "help"
[17:33:28] [Server thread/INFO]: Timings Reset
[17:33:31] [User Authenticator #0/INFO]: UUID of player OmenTonremmm is 2a83cda8-e26c-3905-ae45-1c3ba3b0441a
[17:33:31] [Server thread/INFO]: OmenTonremmm joined the game
[17:33:31] [Server thread/INFO]: OmenTonremmm[/127.0.0.1:50948] logged in with entity id 2 at ([MainLobby]0.5, 70.0, 0.5)
[17:33:31] [Server thread/INFO]: OmenTonremmm lost connection: Player can't found.
You can join our familiy any time on mc.trybanna.com 

[17:33:31] [Server thread/INFO]: OmenTonremmm left the game
[17:34:25] [User Authenticator #0/INFO]: UUID of player OmenTonremmm is 2a83cda8-e26c-3905-ae45-1c3ba3b0441a
[17:34:25] [Server thread/INFO]: OmenTonremmm joined the game
[17:34:25] [Server thread/INFO]: OmenTonremmm[/127.0.0.1:50958] logged in with entity id 3 at ([MainLobby]0.5, 70.0, 0.5)
[17:34:29] [Server thread/INFO]: OmenTonremmm issued server command: /l hello
[17:34:33] [Server thread/INFO]: OmenTonremmm lost connection: Disconnected
[17:34:33] [Server thread/INFO]: OmenTonremmm left the game
[17:34:53] [Server thread/INFO]: Stopping server
[17:34:53] [Server thread/INFO]: [bannanDefaultLobby] Disabling bannanDefaultLobby v1
[17:34:53] [Server console handler/ERROR]: Caught previously unhandled exception :
java.io.IOError: java.io.IOException: Input/output error
	at org.jline.keymap.BindingReader.readCharacter(BindingReader.java:170) ~[jline-reader-3.20.0.jar:?]
	at org.jline.keymap.BindingReader.readBinding(BindingReader.java:110) ~[jline-reader-3.20.0.jar:?]
	at org.jline.keymap.BindingReader.readBinding(BindingReader.java:61) ~[jline-reader-3.20.0.jar:?]
	at org.jline.reader.impl.LineReaderImpl.doReadBinding(LineReaderImpl.java:923) ~[jline-reader-3.20.0.jar:?]
	at org.jline.reader.impl.LineReaderImpl.readBinding(LineReaderImpl.java:956) ~[jline-reader-3.20.0.jar:?]
	at org.jline.reader.impl.LineReaderImpl.readLine(LineReaderImpl.java:651) ~[jline-reader-3.20.0.jar:?]
	at org.jline.reader.impl.LineReaderImpl.readLine(LineReaderImpl.java:468) ~[jline-reader-3.20.0.jar:?]
	at net.minecrell.terminalconsole.SimpleTerminalConsole.readCommands(SimpleTerminalConsole.java:158) ~[terminalconsoleappender-1.3.0.jar:?]
	at net.minecrell.terminalconsole.SimpleTerminalConsole.start(SimpleTerminalConsole.java:141) ~[terminalconsoleappender-1.3.0.jar:?]
	at net.minecraft.server.dedicated.DedicatedServer$1.run(DedicatedServer.java:102) ~[paper-1.20.4.jar:git-Paper-499]
Caused by: java.io.IOException: Input/output error
	at java.io.FileInputStream.read0(Native Method) ~[?:?]
	at java.io.FileInputStream.read(FileInputStream.java:201) ~[?:?]
	at org.jline.terminal.impl.AbstractPty$PtyInputStream.read(AbstractPty.java:73) ~[jline-terminal-3.21.0.jar:?]
	at org.jline.utils.NonBlockingInputStream.read(NonBlockingInputStream.java:62) ~[jline-terminal-3.21.0.jar:?]
	at org.jline.utils.NonBlocking$NonBlockingInputStreamReader.read(NonBlocking.java:168) ~[jline-terminal-3.21.0.jar:?]
	at org.jline.utils.NonBlockingReader.read(NonBlockingReader.java:57) ~[jline-terminal-3.21.0.jar:?]
	at org.jline.keymap.BindingReader.readCharacter(BindingReader.java:160) ~[jline-reader-3.20.0.jar:?]
	... 9 more
[17:34:53] [Server thread/INFO]: Saving players
[17:34:53] [Server thread/INFO]: Saving worlds
[17:34:53] [Server thread/INFO]: Saving chunks for level 'ServerLevel[MainLobby]'/minecraft:overworld
[17:34:53] [Server thread/INFO]: [ChunkHolderManager] Waiting 60s for chunk system to halt for world 'MainLobby'
[17:34:53] [Server thread/INFO]: [ChunkHolderManager] Halted chunk system for world 'MainLobby'
[17:34:53] [Server thread/INFO]: [ChunkHolderManager] Saving all chunkholders for world 'MainLobby'
[17:34:53] [Server thread/INFO]: [ChunkHolderManager] Saved 846 block chunks, 846 entity chunks, 0 poi chunks in world 'MainLobby' in 0.28s
[17:34:53] [Server thread/INFO]: ThreadedAnvilChunkStorage (MainLobby): All chunks are saved
[17:34:53] [Server thread/INFO]: Saving chunks for level 'ServerLevel[MainLobby_the_end]'/minecraft:the_end
[17:34:53] [Server thread/INFO]: [ChunkHolderManager] Waiting 60s for chunk system to halt for world 'MainLobby_the_end'
[17:34:53] [Server thread/INFO]: [ChunkHolderManager] Halted chunk system for world 'MainLobby_the_end'
[17:34:53] [Server thread/INFO]: [ChunkHolderManager] Saving all chunkholders for world 'MainLobby_the_end'
[17:34:54] [Server thread/INFO]: [ChunkHolderManager] Saved 529 block chunks, 529 entity chunks, 0 poi chunks in world 'MainLobby_the_end' in 0.08s
[17:34:54] [Server thread/INFO]: ThreadedAnvilChunkStorage (DIM1): All chunks are saved
[17:34:54] [Server thread/INFO]: ThreadedAnvilChunkStorage: All dimensions are saved
[17:34:54] [Server thread/INFO]: Flushing Chunk IO
[17:34:54] [Server thread/INFO]: Closing Thread Pool
[17:34:54] [Server thread/INFO]: Closing Server
