[10:01:59 INFO]: Enabling SuperiorSkyblock2 v2025.2.1
[10:01:59 INFO]: Registered mission miner_2
[10:01:59 INFO]: Registered mission miner_3
[10:01:59 INFO]: Registered mission miner_1
[10:01:59 INFO]: Registered mission miner_4
[10:01:59 INFO]: Registered mission miner_5
[10:01:59 INFO]: Registered mission slayer_1
[10:01:59 INFO]: Registered mission slayer_2
[10:01:59 INFO]: Registered mission slayer_3
[10:01:59 INFO]: Registered mission slayer_4
[10:01:59 INFO]: Registered mission farmer_5
[10:01:59 INFO]: Registered mission farmer_4
[10:01:59 INFO]: Registered mission farmer_1
[10:01:59 INFO]: Registered mission farmer_3
[10:01:59 INFO]: Registered mission farmer_2
[10:01:59 INFO]: Registered mission fisherman_1
[10:01:59 INFO]: Registered mission fisherman_2
[10:01:59 INFO]: Registered mission fisherman_3
[10:01:59 INFO]: Registered mission explorer_1
[10:01:59 INFO]: Registered mission explorer_2
[10:02:00 INFO]: Enabling the module bank...
[10:02:00 INFO]: Finished enabling the module bank (Took 2ms)
[10:02:00 INFO]: Enabling the module missions...
[10:02:00 INFO]: Finished enabling the module missions (Took 2ms)
[10:02:00 INFO]: Enabling the module generators...
[10:02:00 INFO]: Finished enabling the module generators (Took 2ms)
[10:02:00 INFO]: Enabling the module upgrades...
[10:02:00 INFO]: Finished enabling the module upgrades (Took 10ms)
[10:02:00 INFO]: Loading messages started...
[10:02:00 INFO]:  - Found 741 messages in the language files.
[10:02:00 INFO]: Loading messages done (Took 198ms)
[10:02:01 INFO]: Successfully loaded schematic normal.schematic (DefaultSchematicParser)
[10:02:01 INFO]: Successfully loaded schematic mycel_nether.schematic (DefaultSchematicParser)
[10:02:01 INFO]: Successfully loaded schematic desert_the_end.schematic (DefaultSchematicParser)
[10:02:01 INFO]: Successfully loaded schematic mycel_the_end.schematic (DefaultSchematicParser)
[10:02:01 INFO]: Successfully loaded schematic normal_the_end.schematic (DefaultSchematicParser)
[10:02:01 INFO]: Successfully loaded schematic normal_nether.schematic (DefaultSchematicParser)
[10:02:01 INFO]: Successfully loaded schematic desert_nether.schematic (DefaultSchematicParser)
[10:02:01 INFO]: Successfully loaded schematic mycel.schematic (DefaultSchematicParser)
[10:02:01 INFO]: Successfully loaded schematic desert.schematic (DefaultSchematicParser)
[10:02:01 WARNING]: [counts.yml] Couldn't convert items.@ (HIDE_ADDITIONAL_TOOLTIP) into an item flag, skipping...
[10:02:01 WARNING]: [counts.yml] Couldn't convert items.@ (HIDE_ADDITIONAL_TOOLTIP) into an item flag, skipping...
[10:02:01 WARNING]: [counts.yml] Couldn't convert items.@ (HIDE_ADDITIONAL_TOOLTIP) into an item flag, skipping...
[10:02:01 WARNING]: [counts.yml] Couldn't convert items.@ (HIDE_ADDITIONAL_TOOLTIP) into an item flag, skipping...
[10:02:01 WARNING]: [counts.yml] Couldn't convert items.@ (HIDE_ADDITIONAL_TOOLTIP) into an item flag, skipping...
[10:02:01 WARNING]: [counts.yml] Couldn't convert items.@ (HIDE_ADDITIONAL_TOOLTIP) into an item flag, skipping...
[10:02:01 WARNING]: [counts.yml] Couldn't convert items.@ (HIDE_ADDITIONAL_TOOLTIP) into an item flag, skipping...
[10:02:01 WARNING]: [counts.yml] Couldn't convert items.@ (HIDE_ADDITIONAL_TOOLTIP) into an item flag, skipping...
[10:02:01 WARNING]: [counts.yml] Couldn't convert items.@ (HIDE_ADDITIONAL_TOOLTIP) into an item flag, skipping...
[10:02:01 WARNING]: [counts.yml] Couldn't convert items.@ (HIDE_ADDITIONAL_TOOLTIP) into an item flag, skipping...
[10:02:01 WARNING]: [counts.yml] Couldn't convert items.@ (HIDE_ADDITIONAL_TOOLTIP) into an item flag, skipping...
[10:02:01 WARNING]: [counts.yml] Couldn't convert items.@ (HIDE_ADDITIONAL_TOOLTIP) into an item flag, skipping...
[10:02:01 WARNING]: [counts.yml] Couldn't convert items.@ (HIDE_ADDITIONAL_TOOLTIP) into an item flag, skipping...
[10:02:01 WARNING]: [counts.yml] Couldn't convert items.@ (HIDE_ADDITIONAL_TOOLTIP) into an item flag, skipping...
[10:02:01 WARNING]: [counts.yml] Couldn't convert items.@ (HIDE_ADDITIONAL_TOOLTIP) into an item flag, skipping...
[10:02:01 WARNING]: [counts.yml] Couldn't convert items.@ (HIDE_ADDITIONAL_TOOLTIP) into an item flag, skipping...
[10:02:01 WARNING]: [counts.yml] Couldn't convert items.@ (HIDE_ADDITIONAL_TOOLTIP) into an item flag, skipping...
[10:02:01 WARNING]: [counts.yml] Couldn't convert items.@ (HIDE_ADDITIONAL_TOOLTIP) into an item flag, skipping...
[10:02:01 WARNING]: [counts.yml] Couldn't convert items.@ (HIDE_ADDITIONAL_TOOLTIP) into an item flag, skipping...
[10:02:01 WARNING]: [counts.yml] Couldn't convert items.@ (HIDE_ADDITIONAL_TOOLTIP) into an item flag, skipping...
[10:02:01 WARNING]: [counts.yml] Couldn't convert items.@ (HIDE_ADDITIONAL_TOOLTIP) into an item flag, skipping...
[10:02:01 WARNING]: [counts.yml] Couldn't convert items.@ (HIDE_ADDITIONAL_TOOLTIP) into an item flag, skipping...
[10:02:01 WARNING]: [counts.yml] Couldn't convert items.@ (HIDE_ADDITIONAL_TOOLTIP) into an item flag, skipping...
[10:02:01 WARNING]: [counts.yml] Couldn't convert items.@ (HIDE_ADDITIONAL_TOOLTIP) into an item flag, skipping...
[10:02:01 WARNING]: [counts.yml] Couldn't convert items.@ (HIDE_ADDITIONAL_TOOLTIP) into an item flag, skipping...
[10:02:01 WARNING]: [counts.yml] Couldn't convert items.@ (HIDE_ADDITIONAL_TOOLTIP) into an item flag, skipping...
[10:02:01 WARNING]: [counts.yml] Couldn't convert items.@ (HIDE_ADDITIONAL_TOOLTIP) into an item flag, skipping...
[10:02:01 WARNING]: [counts.yml] Couldn't convert items.@ (HIDE_ADDITIONAL_TOOLTIP) into an item flag, skipping...
[10:02:01 WARNING]: [counts.yml] Couldn't convert items.@ (HIDE_ADDITIONAL_TOOLTIP) into an item flag, skipping...
[10:02:01 WARNING]: [counts.yml] Couldn't convert items.@ (HIDE_ADDITIONAL_TOOLTIP) into an item flag, skipping...
[10:02:01 WARNING]: [counts.yml] Couldn't convert items.@ (HIDE_ADDITIONAL_TOOLTIP) into an item flag, skipping...
[10:02:01 WARNING]: [counts.yml] Couldn't convert items.@ (HIDE_ADDITIONAL_TOOLTIP) into an item flag, skipping...
[10:02:01 WARNING]: [counts.yml] Couldn't convert items.@ (HIDE_ADDITIONAL_TOOLTIP) into an item flag, skipping...
[10:02:01 WARNING]: [counts.yml] Couldn't convert items.@ (HIDE_ADDITIONAL_TOOLTIP) into an item flag, skipping...
[10:02:01 WARNING]: [counts.yml] Couldn't convert items.@ (HIDE_ADDITIONAL_TOOLTIP) into an item flag, skipping...
[10:02:01 WARNING]: [counts.yml] Couldn't convert items.@ (HIDE_ADDITIONAL_TOOLTIP) into an item flag, skipping...
[10:02:01 WARNING]: [menus/settings.yml] Couldn't convert settings.spawner_animals_spawn.settings-enabled (HIDE_ADDITIONAL_TOOLTIP) into an item flag, skipping...
[10:02:01 WARNING]: [menus/settings.yml] Couldn't convert settings.spawner_animals_spawn.settings-disabled (HIDE_ADDITIONAL_TOOLTIP) into an item flag, skipping...
[10:02:01 WARNING]: [menus/settings.yml] Couldn't convert settings.spawner_monster_spawn.settings-enabled (HIDE_ADDITIONAL_TOOLTIP) into an item flag, skipping...
[10:02:01 WARNING]: [menus/settings.yml] Couldn't convert settings.spawner_monster_spawn.settings-disabled (HIDE_ADDITIONAL_TOOLTIP) into an item flag, skipping...
[10:02:01 WARNING]: [menus/permissions.yml] Couldn't convert permissions.spawner_break.permission-enabled (HIDE_ADDITIONAL_TOOLTIP) into an item flag, skipping...
[10:02:01 WARNING]: [menus/permissions.yml] Couldn't convert permissions.spawner_break.permission-disabled (HIDE_ADDITIONAL_TOOLTIP) into an item flag, skipping...
[10:02:01 WARNING]: [menus/permissions.yml] Couldn't convert permissions.spawner_break.role-permission (HIDE_ADDITIONAL_TOOLTIP) into an item flag, skipping...
[10:02:01 WARNING]: [menus/upgrades.yml] Couldn't convert upgrades.spawner-rates.1.has-next-level (HIDE_ADDITIONAL_TOOLTIP) into an item flag, skipping...
[10:02:01 WARNING]: [menus/upgrades.yml] Couldn't convert upgrades.spawner-rates.1.no-next-level (HIDE_ADDITIONAL_TOOLTIP) into an item flag, skipping...
[10:02:01 WARNING]: [menus/upgrades.yml] Couldn't convert upgrades.spawner-rates.2.has-next-level (HIDE_ADDITIONAL_TOOLTIP) into an item flag, skipping...
[10:02:01 WARNING]: [menus/upgrades.yml] Couldn't convert upgrades.spawner-rates.2.no-next-level (HIDE_ADDITIONAL_TOOLTIP) into an item flag, skipping...
[10:02:01 WARNING]: [menus/upgrades.yml] Couldn't convert upgrades.spawner-rates.3.has-next-level (HIDE_ADDITIONAL_TOOLTIP) into an item flag, skipping...
[10:02:01 WARNING]: [menus/upgrades.yml] Couldn't convert upgrades.spawner-rates.3.no-next-level (HIDE_ADDITIONAL_TOOLTIP) into an item flag, skipping...
[10:02:01 WARNING]: [menus/upgrades.yml] Couldn't convert upgrades.spawner-rates.4.has-next-level (HIDE_ADDITIONAL_TOOLTIP) into an item flag, skipping...
[10:02:01 WARNING]: [menus/upgrades.yml] Couldn't convert upgrades.spawner-rates.4.no-next-level (HIDE_ADDITIONAL_TOOLTIP) into an item flag, skipping...
[10:02:01 WARNING]: [values.yml] Couldn't convert items.$ (HIDE_ADDITIONAL_TOOLTIP) into an item flag, skipping...
[10:02:01 INFO]: Trying to connect to local database (SQLite)...
[10:02:03 INFO]: Successfully established connection with local database!
[10:02:03 INFO]: Creating a backup file...
[10:02:03 INFO]: Backup done!
[10:02:03 INFO]: Starting to load players...
[10:02:03 INFO]: Finished loading 13 players (Took 4ms)
[10:02:03 INFO]: Starting to load islands...
[10:02:03 INFO]: Finished loading 3 islands (Took 25ms)
[10:02:03 INFO]: Starting to load grid...
[10:02:03 INFO]: Finished grid!
[10:02:03 INFO]: Starting to load stacked blocks...
[10:02:03 INFO]: Finished stacked blocks!
[10:02:03 INFO]: 
[10:02:03 INFO]: A new version is available (v2026.2)!
[10:02:03 INFO]: Version's description: "Adds support for 26.2, bug fixes and more!"
[10:02:03 INFO]: 
[10:02:09 INFO]: Using LuckPerms as a permissions provider.
[10:02:09 INFO]: Hooked into Essentials for support of vanish status of players.
[10:02:09 INFO]: Hooked into Essentials for support of afk status of players.
[10:02:09 INFO]: Using Vault as an economy provider.
[10:02:09 INFO]: Using PlaceholderAPI for placeholders support.
[10:02:09 INFO]: Detected PaperSpigot - Using async chunk-loading support with PaperMC.
[10:36:16 INFO]: Disabling SuperiorSkyblock2 v2025.2.1
[10:36:16 INFO]: Disabling the module bank...
[10:36:16 INFO]: Disabling the module missions...
[10:36:16 INFO]: Disabling the module generators...
[10:36:16 INFO]: Disabling the module upgrades...
[10:36:16 INFO]: Shutting down stats client...
[10:36:16 INFO]: Shutting down calculation task...
[10:36:16 INFO]: Shutting down executor
[10:36:16 INFO]: This can take up to 20 seconds to complete
[10:36:16 INFO]: Closing database. This may hang the server. Do not shut it down, or data may get lost.
[10:46:31 INFO]: Enabling SuperiorSkyblock2 v2025.2.1
[10:46:31 INFO]: Registered mission miner_2
[10:46:31 INFO]: Registered mission miner_3
[10:46:31 INFO]: Registered mission miner_1
[10:46:31 INFO]: Registered mission miner_4
[10:46:31 INFO]: Registered mission miner_5
[10:46:31 INFO]: Registered mission slayer_1
[10:46:31 INFO]: Registered mission slayer_2
[10:46:31 INFO]: Registered mission slayer_3
[10:46:31 INFO]: Registered mission slayer_4
[10:46:31 INFO]: Registered mission farmer_5
[10:46:31 INFO]: Registered mission farmer_4
[10:46:31 INFO]: Registered mission farmer_1
[10:46:31 INFO]: Registered mission farmer_3
[10:46:31 INFO]: Registered mission farmer_2
[10:46:31 INFO]: Registered mission fisherman_1
[10:46:31 INFO]: Registered mission fisherman_2
[10:46:31 INFO]: Registered mission fisherman_3
[10:46:31 INFO]: Registered mission explorer_1
[10:46:31 INFO]: Registered mission explorer_2
[10:46:32 INFO]: Enabling the module bank...
[10:46:32 INFO]: Finished enabling the module bank (Took 3ms)
[10:46:32 INFO]: Enabling the module missions...
[10:46:32 INFO]: Finished enabling the module missions (Took 1ms)
[10:46:32 INFO]: Enabling the module generators...
[10:46:32 INFO]: Finished enabling the module generators (Took 3ms)
[10:46:32 INFO]: Enabling the module upgrades...
[10:46:32 INFO]: Finished enabling the module upgrades (Took 12ms)
[10:46:32 INFO]: Loading messages started...
[10:46:32 INFO]:  - Found 741 messages in the language files.
[10:46:32 INFO]: Loading messages done (Took 183ms)
[10:46:33 INFO]: Successfully loaded schematic normal.schematic (DefaultSchematicParser)
[10:46:33 INFO]: Successfully loaded schematic mycel_nether.schematic (DefaultSchematicParser)
[10:46:33 INFO]: Successfully loaded schematic desert_the_end.schematic (DefaultSchematicParser)
[10:46:33 INFO]: Successfully loaded schematic mycel_the_end.schematic (DefaultSchematicParser)
[10:46:33 INFO]: Successfully loaded schematic normal_the_end.schematic (DefaultSchematicParser)
[10:46:33 INFO]: Successfully loaded schematic normal_nether.schematic (DefaultSchematicParser)
[10:46:33 INFO]: Successfully loaded schematic desert_nether.schematic (DefaultSchematicParser)
[10:46:33 INFO]: Successfully loaded schematic mycel.schematic (DefaultSchematicParser)
[10:46:33 INFO]: Successfully loaded schematic desert.schematic (DefaultSchematicParser)
[10:46:34 WARNING]: [counts.yml] Couldn't convert items.@ (HIDE_ADDITIONAL_TOOLTIP) into an item flag, skipping...
[10:46:34 WARNING]: [counts.yml] Couldn't convert items.@ (HIDE_ADDITIONAL_TOOLTIP) into an item flag, skipping...
[10:46:34 WARNING]: [counts.yml] Couldn't convert items.@ (HIDE_ADDITIONAL_TOOLTIP) into an item flag, skipping...
[10:46:34 WARNING]: [counts.yml] Couldn't convert items.@ (HIDE_ADDITIONAL_TOOLTIP) into an item flag, skipping...
[10:46:34 WARNING]: [counts.yml] Couldn't convert items.@ (HIDE_ADDITIONAL_TOOLTIP) into an item flag, skipping...
[10:46:34 WARNING]: [counts.yml] Couldn't convert items.@ (HIDE_ADDITIONAL_TOOLTIP) into an item flag, skipping...
[10:46:34 WARNING]: [counts.yml] Couldn't convert items.@ (HIDE_ADDITIONAL_TOOLTIP) into an item flag, skipping...
[10:46:34 WARNING]: [counts.yml] Couldn't convert items.@ (HIDE_ADDITIONAL_TOOLTIP) into an item flag, skipping...
[10:46:34 WARNING]: [counts.yml] Couldn't convert items.@ (HIDE_ADDITIONAL_TOOLTIP) into an item flag, skipping...
[10:46:34 WARNING]: [counts.yml] Couldn't convert items.@ (HIDE_ADDITIONAL_TOOLTIP) into an item flag, skipping...
[10:46:34 WARNING]: [counts.yml] Couldn't convert items.@ (HIDE_ADDITIONAL_TOOLTIP) into an item flag, skipping...
[10:46:34 WARNING]: [counts.yml] Couldn't convert items.@ (HIDE_ADDITIONAL_TOOLTIP) into an item flag, skipping...
[10:46:34 WARNING]: [counts.yml] Couldn't convert items.@ (HIDE_ADDITIONAL_TOOLTIP) into an item flag, skipping...
[10:46:34 WARNING]: [counts.yml] Couldn't convert items.@ (HIDE_ADDITIONAL_TOOLTIP) into an item flag, skipping...
[10:46:34 WARNING]: [counts.yml] Couldn't convert items.@ (HIDE_ADDITIONAL_TOOLTIP) into an item flag, skipping...
[10:46:34 WARNING]: [counts.yml] Couldn't convert items.@ (HIDE_ADDITIONAL_TOOLTIP) into an item flag, skipping...
[10:46:34 WARNING]: [counts.yml] Couldn't convert items.@ (HIDE_ADDITIONAL_TOOLTIP) into an item flag, skipping...
[10:46:34 WARNING]: [counts.yml] Couldn't convert items.@ (HIDE_ADDITIONAL_TOOLTIP) into an item flag, skipping...
[10:46:34 WARNING]: [counts.yml] Couldn't convert items.@ (HIDE_ADDITIONAL_TOOLTIP) into an item flag, skipping...
[10:46:34 WARNING]: [counts.yml] Couldn't convert items.@ (HIDE_ADDITIONAL_TOOLTIP) into an item flag, skipping...
[10:46:34 WARNING]: [counts.yml] Couldn't convert items.@ (HIDE_ADDITIONAL_TOOLTIP) into an item flag, skipping...
[10:46:34 WARNING]: [counts.yml] Couldn't convert items.@ (HIDE_ADDITIONAL_TOOLTIP) into an item flag, skipping...
[10:46:34 WARNING]: [counts.yml] Couldn't convert items.@ (HIDE_ADDITIONAL_TOOLTIP) into an item flag, skipping...
[10:46:34 WARNING]: [counts.yml] Couldn't convert items.@ (HIDE_ADDITIONAL_TOOLTIP) into an item flag, skipping...
[10:46:34 WARNING]: [counts.yml] Couldn't convert items.@ (HIDE_ADDITIONAL_TOOLTIP) into an item flag, skipping...
[10:46:34 WARNING]: [counts.yml] Couldn't convert items.@ (HIDE_ADDITIONAL_TOOLTIP) into an item flag, skipping...
[10:46:34 WARNING]: [counts.yml] Couldn't convert items.@ (HIDE_ADDITIONAL_TOOLTIP) into an item flag, skipping...
[10:46:34 WARNING]: [counts.yml] Couldn't convert items.@ (HIDE_ADDITIONAL_TOOLTIP) into an item flag, skipping...
[10:46:34 WARNING]: [counts.yml] Couldn't convert items.@ (HIDE_ADDITIONAL_TOOLTIP) into an item flag, skipping...
[10:46:34 WARNING]: [counts.yml] Couldn't convert items.@ (HIDE_ADDITIONAL_TOOLTIP) into an item flag, skipping...
[10:46:34 WARNING]: [counts.yml] Couldn't convert items.@ (HIDE_ADDITIONAL_TOOLTIP) into an item flag, skipping...
[10:46:34 WARNING]: [counts.yml] Couldn't convert items.@ (HIDE_ADDITIONAL_TOOLTIP) into an item flag, skipping...
[10:46:34 WARNING]: [counts.yml] Couldn't convert items.@ (HIDE_ADDITIONAL_TOOLTIP) into an item flag, skipping...
[10:46:34 WARNING]: [counts.yml] Couldn't convert items.@ (HIDE_ADDITIONAL_TOOLTIP) into an item flag, skipping...
[10:46:34 WARNING]: [counts.yml] Couldn't convert items.@ (HIDE_ADDITIONAL_TOOLTIP) into an item flag, skipping...
[10:46:34 WARNING]: [counts.yml] Couldn't convert items.@ (HIDE_ADDITIONAL_TOOLTIP) into an item flag, skipping...
[10:46:34 WARNING]: [menus/settings.yml] Couldn't convert settings.spawner_animals_spawn.settings-enabled (HIDE_ADDITIONAL_TOOLTIP) into an item flag, skipping...
[10:46:34 WARNING]: [menus/settings.yml] Couldn't convert settings.spawner_animals_spawn.settings-disabled (HIDE_ADDITIONAL_TOOLTIP) into an item flag, skipping...
[10:46:34 WARNING]: [menus/settings.yml] Couldn't convert settings.spawner_monster_spawn.settings-enabled (HIDE_ADDITIONAL_TOOLTIP) into an item flag, skipping...
[10:46:34 WARNING]: [menus/settings.yml] Couldn't convert settings.spawner_monster_spawn.settings-disabled (HIDE_ADDITIONAL_TOOLTIP) into an item flag, skipping...
[10:46:34 WARNING]: [menus/permissions.yml] Couldn't convert permissions.spawner_break.permission-enabled (HIDE_ADDITIONAL_TOOLTIP) into an item flag, skipping...
[10:46:34 WARNING]: [menus/permissions.yml] Couldn't convert permissions.spawner_break.permission-disabled (HIDE_ADDITIONAL_TOOLTIP) into an item flag, skipping...
[10:46:34 WARNING]: [menus/permissions.yml] Couldn't convert permissions.spawner_break.role-permission (HIDE_ADDITIONAL_TOOLTIP) into an item flag, skipping...
[10:46:34 WARNING]: [menus/upgrades.yml] Couldn't convert upgrades.spawner-rates.1.has-next-level (HIDE_ADDITIONAL_TOOLTIP) into an item flag, skipping...
[10:46:34 WARNING]: [menus/upgrades.yml] Couldn't convert upgrades.spawner-rates.1.no-next-level (HIDE_ADDITIONAL_TOOLTIP) into an item flag, skipping...
[10:46:34 WARNING]: [menus/upgrades.yml] Couldn't convert upgrades.spawner-rates.2.has-next-level (HIDE_ADDITIONAL_TOOLTIP) into an item flag, skipping...
[10:46:34 WARNING]: [menus/upgrades.yml] Couldn't convert upgrades.spawner-rates.2.no-next-level (HIDE_ADDITIONAL_TOOLTIP) into an item flag, skipping...
[10:46:34 WARNING]: [menus/upgrades.yml] Couldn't convert upgrades.spawner-rates.3.has-next-level (HIDE_ADDITIONAL_TOOLTIP) into an item flag, skipping...
[10:46:34 WARNING]: [menus/upgrades.yml] Couldn't convert upgrades.spawner-rates.3.no-next-level (HIDE_ADDITIONAL_TOOLTIP) into an item flag, skipping...
[10:46:34 WARNING]: [menus/upgrades.yml] Couldn't convert upgrades.spawner-rates.4.has-next-level (HIDE_ADDITIONAL_TOOLTIP) into an item flag, skipping...
[10:46:34 WARNING]: [menus/upgrades.yml] Couldn't convert upgrades.spawner-rates.4.no-next-level (HIDE_ADDITIONAL_TOOLTIP) into an item flag, skipping...
[10:46:34 WARNING]: [values.yml] Couldn't convert items.$ (HIDE_ADDITIONAL_TOOLTIP) into an item flag, skipping...
[10:46:34 INFO]: Trying to connect to local database (SQLite)...
[10:46:34 INFO]: Successfully established connection with local database!
[10:46:34 INFO]: Creating a backup file...
[10:46:34 INFO]: Backup done!
[10:46:34 INFO]: Starting to load players...
[10:46:34 INFO]: Finished loading 13 players (Took 4ms)
[10:46:34 INFO]: Starting to load islands...
[10:46:34 INFO]: Finished loading 3 islands (Took 25ms)
[10:46:34 INFO]: Starting to load grid...
[10:46:34 INFO]: Finished grid!
[10:46:34 INFO]: Starting to load stacked blocks...
[10:46:34 INFO]: Finished stacked blocks!
[10:46:34 INFO]: 
[10:46:34 INFO]: A new version is available (v2026.2)!
[10:46:34 INFO]: Version's description: "Adds support for 26.2, bug fixes and more!"
[10:46:34 INFO]: 
[10:46:37 INFO]: Using LuckPerms as a permissions provider.
[10:46:37 INFO]: Hooked into Essentials for support of vanish status of players.
[10:46:37 INFO]: Hooked into Essentials for support of afk status of players.
[10:46:37 INFO]: Using Vault as an economy provider.
[10:46:37 INFO]: Using PlaceholderAPI for placeholders support.
[10:46:37 INFO]: Detected PaperSpigot - Using async chunk-loading support with PaperMC.
[10:49:34 INFO]: Disabling SuperiorSkyblock2 v2025.2.1
[10:49:34 INFO]: Disabling the module bank...
[10:49:34 INFO]: Disabling the module missions...
[10:49:34 INFO]: Disabling the module generators...
[10:49:34 INFO]: Disabling the module upgrades...
[10:49:34 INFO]: Shutting down stats client...
[10:49:34 INFO]: Shutting down calculation task...
[10:49:34 INFO]: Shutting down executor
[10:49:34 INFO]: This can take up to 20 seconds to complete
[10:49:34 INFO]: Closing database. This may hang the server. Do not shut it down, or data may get lost.
[10:50:01 INFO]: Enabling SuperiorSkyblock2 v2025.2.1
[10:50:02 INFO]: Registered mission miner_2
[10:50:02 INFO]: Registered mission miner_3
[10:50:02 INFO]: Registered mission miner_1
[10:50:02 INFO]: Registered mission miner_4
[10:50:02 INFO]: Registered mission miner_5
[10:50:02 INFO]: Registered mission slayer_1
[10:50:02 INFO]: Registered mission slayer_2
[10:50:02 INFO]: Registered mission slayer_3
[10:50:02 INFO]: Registered mission slayer_4
[10:50:02 INFO]: Registered mission farmer_5
[10:50:02 INFO]: Registered mission farmer_4
[10:50:02 INFO]: Registered mission farmer_1
[10:50:02 INFO]: Registered mission farmer_3
[10:50:02 INFO]: Registered mission farmer_2
[10:50:02 INFO]: Registered mission fisherman_1
[10:50:02 INFO]: Registered mission fisherman_2
[10:50:02 INFO]: Registered mission fisherman_3
[10:50:02 INFO]: Registered mission explorer_1
[10:50:02 INFO]: Registered mission explorer_2
[10:50:02 INFO]: Enabling the module bank...
[10:50:02 INFO]: Finished enabling the module bank (Took 1ms)
[10:50:02 INFO]: Enabling the module missions...
[10:50:02 INFO]: Finished enabling the module missions (Took 1ms)
[10:50:02 INFO]: Enabling the module generators...
[10:50:02 INFO]: Finished enabling the module generators (Took 2ms)
[10:50:02 INFO]: Enabling the module upgrades...
[10:50:02 INFO]: Finished enabling the module upgrades (Took 6ms)
[10:50:02 INFO]: Loading messages started...
[10:50:02 INFO]:  - Found 741 messages in the language files.
[10:50:02 INFO]: Loading messages done (Took 258ms)
[10:50:04 INFO]: Successfully loaded schematic normal.schematic (DefaultSchematicParser)
[10:50:04 INFO]: Successfully loaded schematic mycel_nether.schematic (DefaultSchematicParser)
[10:50:04 INFO]: Successfully loaded schematic desert_the_end.schematic (DefaultSchematicParser)
[10:50:04 INFO]: Successfully loaded schematic mycel_the_end.schematic (DefaultSchematicParser)
[10:50:04 INFO]: Successfully loaded schematic normal_the_end.schematic (DefaultSchematicParser)
[10:50:04 INFO]: Successfully loaded schematic normal_nether.schematic (DefaultSchematicParser)
[10:50:04 INFO]: Successfully loaded schematic desert_nether.schematic (DefaultSchematicParser)
[10:50:04 INFO]: Successfully loaded schematic mycel.schematic (DefaultSchematicParser)
[10:50:04 INFO]: Successfully loaded schematic desert.schematic (DefaultSchematicParser)
[10:50:04 WARNING]: [counts.yml] Couldn't convert items.@ (HIDE_ADDITIONAL_TOOLTIP) into an item flag, skipping...
[10:50:04 WARNING]: [counts.yml] Couldn't convert items.@ (HIDE_ADDITIONAL_TOOLTIP) into an item flag, skipping...
[10:50:04 WARNING]: [counts.yml] Couldn't convert items.@ (HIDE_ADDITIONAL_TOOLTIP) into an item flag, skipping...
[10:50:04 WARNING]: [counts.yml] Couldn't convert items.@ (HIDE_ADDITIONAL_TOOLTIP) into an item flag, skipping...
[10:50:04 WARNING]: [counts.yml] Couldn't convert items.@ (HIDE_ADDITIONAL_TOOLTIP) into an item flag, skipping...
[10:50:04 WARNING]: [counts.yml] Couldn't convert items.@ (HIDE_ADDITIONAL_TOOLTIP) into an item flag, skipping...
[10:50:04 WARNING]: [counts.yml] Couldn't convert items.@ (HIDE_ADDITIONAL_TOOLTIP) into an item flag, skipping...
[10:50:04 WARNING]: [counts.yml] Couldn't convert items.@ (HIDE_ADDITIONAL_TOOLTIP) into an item flag, skipping...
[10:50:04 WARNING]: [counts.yml] Couldn't convert items.@ (HIDE_ADDITIONAL_TOOLTIP) into an item flag, skipping...
[10:50:04 WARNING]: [counts.yml] Couldn't convert items.@ (HIDE_ADDITIONAL_TOOLTIP) into an item flag, skipping...
[10:50:04 WARNING]: [counts.yml] Couldn't convert items.@ (HIDE_ADDITIONAL_TOOLTIP) into an item flag, skipping...
[10:50:04 WARNING]: [counts.yml] Couldn't convert items.@ (HIDE_ADDITIONAL_TOOLTIP) into an item flag, skipping...
[10:50:04 WARNING]: [counts.yml] Couldn't convert items.@ (HIDE_ADDITIONAL_TOOLTIP) into an item flag, skipping...
[10:50:04 WARNING]: [counts.yml] Couldn't convert items.@ (HIDE_ADDITIONAL_TOOLTIP) into an item flag, skipping...
[10:50:04 WARNING]: [counts.yml] Couldn't convert items.@ (HIDE_ADDITIONAL_TOOLTIP) into an item flag, skipping...
[10:50:04 WARNING]: [counts.yml] Couldn't convert items.@ (HIDE_ADDITIONAL_TOOLTIP) into an item flag, skipping...
[10:50:04 WARNING]: [counts.yml] Couldn't convert items.@ (HIDE_ADDITIONAL_TOOLTIP) into an item flag, skipping...
[10:50:04 WARNING]: [counts.yml] Couldn't convert items.@ (HIDE_ADDITIONAL_TOOLTIP) into an item flag, skipping...
[10:50:04 WARNING]: [counts.yml] Couldn't convert items.@ (HIDE_ADDITIONAL_TOOLTIP) into an item flag, skipping...
[10:50:04 WARNING]: [counts.yml] Couldn't convert items.@ (HIDE_ADDITIONAL_TOOLTIP) into an item flag, skipping...
[10:50:04 WARNING]: [counts.yml] Couldn't convert items.@ (HIDE_ADDITIONAL_TOOLTIP) into an item flag, skipping...
[10:50:04 WARNING]: [counts.yml] Couldn't convert items.@ (HIDE_ADDITIONAL_TOOLTIP) into an item flag, skipping...
[10:50:04 WARNING]: [counts.yml] Couldn't convert items.@ (HIDE_ADDITIONAL_TOOLTIP) into an item flag, skipping...
[10:50:04 WARNING]: [counts.yml] Couldn't convert items.@ (HIDE_ADDITIONAL_TOOLTIP) into an item flag, skipping...
[10:50:04 WARNING]: [counts.yml] Couldn't convert items.@ (HIDE_ADDITIONAL_TOOLTIP) into an item flag, skipping...
[10:50:04 WARNING]: [counts.yml] Couldn't convert items.@ (HIDE_ADDITIONAL_TOOLTIP) into an item flag, skipping...
[10:50:04 WARNING]: [counts.yml] Couldn't convert items.@ (HIDE_ADDITIONAL_TOOLTIP) into an item flag, skipping...
[10:50:04 WARNING]: [counts.yml] Couldn't convert items.@ (HIDE_ADDITIONAL_TOOLTIP) into an item flag, skipping...
[10:50:04 WARNING]: [counts.yml] Couldn't convert items.@ (HIDE_ADDITIONAL_TOOLTIP) into an item flag, skipping...
[10:50:04 WARNING]: [counts.yml] Couldn't convert items.@ (HIDE_ADDITIONAL_TOOLTIP) into an item flag, skipping...
[10:50:04 WARNING]: [counts.yml] Couldn't convert items.@ (HIDE_ADDITIONAL_TOOLTIP) into an item flag, skipping...
[10:50:04 WARNING]: [counts.yml] Couldn't convert items.@ (HIDE_ADDITIONAL_TOOLTIP) into an item flag, skipping...
[10:50:04 WARNING]: [counts.yml] Couldn't convert items.@ (HIDE_ADDITIONAL_TOOLTIP) into an item flag, skipping...
[10:50:04 WARNING]: [counts.yml] Couldn't convert items.@ (HIDE_ADDITIONAL_TOOLTIP) into an item flag, skipping...
[10:50:04 WARNING]: [counts.yml] Couldn't convert items.@ (HIDE_ADDITIONAL_TOOLTIP) into an item flag, skipping...
[10:50:04 WARNING]: [counts.yml] Couldn't convert items.@ (HIDE_ADDITIONAL_TOOLTIP) into an item flag, skipping...
[10:50:04 WARNING]: [menus/settings.yml] Couldn't convert settings.spawner_animals_spawn.settings-enabled (HIDE_ADDITIONAL_TOOLTIP) into an item flag, skipping...
[10:50:04 WARNING]: [menus/settings.yml] Couldn't convert settings.spawner_animals_spawn.settings-disabled (HIDE_ADDITIONAL_TOOLTIP) into an item flag, skipping...
[10:50:04 WARNING]: [menus/settings.yml] Couldn't convert settings.spawner_monster_spawn.settings-enabled (HIDE_ADDITIONAL_TOOLTIP) into an item flag, skipping...
[10:50:04 WARNING]: [menus/settings.yml] Couldn't convert settings.spawner_monster_spawn.settings-disabled (HIDE_ADDITIONAL_TOOLTIP) into an item flag, skipping...
[10:50:04 WARNING]: [menus/permissions.yml] Couldn't convert permissions.spawner_break.permission-enabled (HIDE_ADDITIONAL_TOOLTIP) into an item flag, skipping...
[10:50:04 WARNING]: [menus/permissions.yml] Couldn't convert permissions.spawner_break.permission-disabled (HIDE_ADDITIONAL_TOOLTIP) into an item flag, skipping...
[10:50:04 WARNING]: [menus/permissions.yml] Couldn't convert permissions.spawner_break.role-permission (HIDE_ADDITIONAL_TOOLTIP) into an item flag, skipping...
[10:50:04 WARNING]: [menus/upgrades.yml] Couldn't convert upgrades.spawner-rates.1.has-next-level (HIDE_ADDITIONAL_TOOLTIP) into an item flag, skipping...
[10:50:04 WARNING]: [menus/upgrades.yml] Couldn't convert upgrades.spawner-rates.1.no-next-level (HIDE_ADDITIONAL_TOOLTIP) into an item flag, skipping...
[10:50:04 WARNING]: [menus/upgrades.yml] Couldn't convert upgrades.spawner-rates.2.has-next-level (HIDE_ADDITIONAL_TOOLTIP) into an item flag, skipping...
[10:50:04 WARNING]: [menus/upgrades.yml] Couldn't convert upgrades.spawner-rates.2.no-next-level (HIDE_ADDITIONAL_TOOLTIP) into an item flag, skipping...
[10:50:04 WARNING]: [menus/upgrades.yml] Couldn't convert upgrades.spawner-rates.3.has-next-level (HIDE_ADDITIONAL_TOOLTIP) into an item flag, skipping...
[10:50:04 WARNING]: [menus/upgrades.yml] Couldn't convert upgrades.spawner-rates.3.no-next-level (HIDE_ADDITIONAL_TOOLTIP) into an item flag, skipping...
[10:50:04 WARNING]: [menus/upgrades.yml] Couldn't convert upgrades.spawner-rates.4.has-next-level (HIDE_ADDITIONAL_TOOLTIP) into an item flag, skipping...
[10:50:04 WARNING]: [menus/upgrades.yml] Couldn't convert upgrades.spawner-rates.4.no-next-level (HIDE_ADDITIONAL_TOOLTIP) into an item flag, skipping...
[10:50:04 WARNING]: [values.yml] Couldn't convert items.$ (HIDE_ADDITIONAL_TOOLTIP) into an item flag, skipping...
[10:50:04 INFO]: Trying to connect to local database (SQLite)...
[10:50:04 INFO]: Successfully established connection with local database!
[10:50:04 INFO]: Creating a backup file...
[10:50:04 INFO]: Backup done!
[10:50:04 INFO]: Starting to load players...
[10:50:04 INFO]: Finished loading 13 players (Took 4ms)
[10:50:04 INFO]: Starting to load islands...
[10:50:04 INFO]: Finished loading 3 islands (Took 20ms)
[10:50:04 INFO]: Starting to load grid...
[10:50:04 INFO]: Finished grid!
[10:50:04 INFO]: Starting to load stacked blocks...
[10:50:04 INFO]: Finished stacked blocks!
[10:50:04 INFO]: 
[10:50:04 INFO]: A new version is available (v2026.2)!
[10:50:04 INFO]: Version's description: "Adds support for 26.2, bug fixes and more!"
[10:50:04 INFO]: 
[10:50:07 INFO]: Using LuckPerms as a permissions provider.
[10:50:07 INFO]: Hooked into Essentials for support of vanish status of players.
[10:50:07 INFO]: Hooked into Essentials for support of afk status of players.
[10:50:07 INFO]: Using Vault as an economy provider.
[10:50:07 INFO]: Using PlaceholderAPI for placeholders support.
[10:50:07 INFO]: Detected PaperSpigot - Using async chunk-loading support with PaperMC.
[10:51:26 INFO]: Disabling SuperiorSkyblock2 v2025.2.1
[10:51:26 INFO]: Disabling the module bank...
[10:51:26 INFO]: Disabling the module missions...
[10:51:26 INFO]: Disabling the module generators...
[10:51:26 INFO]: Disabling the module upgrades...
[10:51:26 INFO]: Shutting down stats client...
[10:51:26 INFO]: Shutting down calculation task...
[10:51:26 INFO]: Shutting down executor
[10:51:26 INFO]: This can take up to 20 seconds to complete
[10:51:26 INFO]: Closing database. This may hang the server. Do not shut it down, or data may get lost.
[10:51:53 INFO]: Enabling SuperiorSkyblock2 v2025.2.1
[10:51:53 INFO]: Registered mission miner_2
[10:51:53 INFO]: Registered mission miner_3
[10:51:53 INFO]: Registered mission miner_1
[10:51:53 INFO]: Registered mission miner_4
[10:51:53 INFO]: Registered mission miner_5
[10:51:53 INFO]: Registered mission slayer_1
[10:51:53 INFO]: Registered mission slayer_2
[10:51:53 INFO]: Registered mission slayer_3
[10:51:53 INFO]: Registered mission slayer_4
[10:51:53 INFO]: Registered mission farmer_5
[10:51:53 INFO]: Registered mission farmer_4
[10:51:53 INFO]: Registered mission farmer_1
[10:51:53 INFO]: Registered mission farmer_3
[10:51:53 INFO]: Registered mission farmer_2
[10:51:53 INFO]: Registered mission fisherman_1
[10:51:53 INFO]: Registered mission fisherman_2
[10:51:53 INFO]: Registered mission fisherman_3
[10:51:53 INFO]: Registered mission explorer_1
[10:51:53 INFO]: Registered mission explorer_2
[10:51:54 INFO]: Enabling the module bank...
[10:51:54 INFO]: Finished enabling the module bank (Took 1ms)
[10:51:54 INFO]: Enabling the module missions...
[10:51:54 INFO]: Finished enabling the module missions (Took 2ms)
[10:51:54 INFO]: Enabling the module generators...
[10:51:54 INFO]: Finished enabling the module generators (Took 3ms)
[10:51:54 INFO]: Enabling the module upgrades...
[10:51:54 INFO]: Finished enabling the module upgrades (Took 10ms)
[10:51:54 INFO]: Loading messages started...
[10:51:54 INFO]:  - Found 741 messages in the language files.
[10:51:54 INFO]: Loading messages done (Took 209ms)
[10:51:56 INFO]: Successfully loaded schematic normal.schematic (DefaultSchematicParser)
[10:51:56 INFO]: Successfully loaded schematic mycel_nether.schematic (DefaultSchematicParser)
[10:51:56 INFO]: Successfully loaded schematic desert_the_end.schematic (DefaultSchematicParser)
[10:51:56 INFO]: Successfully loaded schematic mycel_the_end.schematic (DefaultSchematicParser)
[10:51:56 INFO]: Successfully loaded schematic normal_the_end.schematic (DefaultSchematicParser)
[10:51:56 INFO]: Successfully loaded schematic normal_nether.schematic (DefaultSchematicParser)
[10:51:56 INFO]: Successfully loaded schematic desert_nether.schematic (DefaultSchematicParser)
[10:51:56 INFO]: Successfully loaded schematic mycel.schematic (DefaultSchematicParser)
[10:51:56 INFO]: Successfully loaded schematic desert.schematic (DefaultSchematicParser)
[10:51:56 WARNING]: [counts.yml] Couldn't convert items.@ (HIDE_ADDITIONAL_TOOLTIP) into an item flag, skipping...
[10:51:56 WARNING]: [counts.yml] Couldn't convert items.@ (HIDE_ADDITIONAL_TOOLTIP) into an item flag, skipping...
[10:51:56 WARNING]: [counts.yml] Couldn't convert items.@ (HIDE_ADDITIONAL_TOOLTIP) into an item flag, skipping...
[10:51:56 WARNING]: [counts.yml] Couldn't convert items.@ (HIDE_ADDITIONAL_TOOLTIP) into an item flag, skipping...
[10:51:56 WARNING]: [counts.yml] Couldn't convert items.@ (HIDE_ADDITIONAL_TOOLTIP) into an item flag, skipping...
[10:51:56 WARNING]: [counts.yml] Couldn't convert items.@ (HIDE_ADDITIONAL_TOOLTIP) into an item flag, skipping...
[10:51:56 WARNING]: [counts.yml] Couldn't convert items.@ (HIDE_ADDITIONAL_TOOLTIP) into an item flag, skipping...
[10:51:56 WARNING]: [counts.yml] Couldn't convert items.@ (HIDE_ADDITIONAL_TOOLTIP) into an item flag, skipping...
[10:51:56 WARNING]: [counts.yml] Couldn't convert items.@ (HIDE_ADDITIONAL_TOOLTIP) into an item flag, skipping...
[10:51:56 WARNING]: [counts.yml] Couldn't convert items.@ (HIDE_ADDITIONAL_TOOLTIP) into an item flag, skipping...
[10:51:56 WARNING]: [counts.yml] Couldn't convert items.@ (HIDE_ADDITIONAL_TOOLTIP) into an item flag, skipping...
[10:51:56 WARNING]: [counts.yml] Couldn't convert items.@ (HIDE_ADDITIONAL_TOOLTIP) into an item flag, skipping...
[10:51:56 WARNING]: [counts.yml] Couldn't convert items.@ (HIDE_ADDITIONAL_TOOLTIP) into an item flag, skipping...
[10:51:56 WARNING]: [counts.yml] Couldn't convert items.@ (HIDE_ADDITIONAL_TOOLTIP) into an item flag, skipping...
[10:51:56 WARNING]: [counts.yml] Couldn't convert items.@ (HIDE_ADDITIONAL_TOOLTIP) into an item flag, skipping...
[10:51:56 WARNING]: [counts.yml] Couldn't convert items.@ (HIDE_ADDITIONAL_TOOLTIP) into an item flag, skipping...
[10:51:56 WARNING]: [counts.yml] Couldn't convert items.@ (HIDE_ADDITIONAL_TOOLTIP) into an item flag, skipping...
[10:51:56 WARNING]: [counts.yml] Couldn't convert items.@ (HIDE_ADDITIONAL_TOOLTIP) into an item flag, skipping...
[10:51:56 WARNING]: [counts.yml] Couldn't convert items.@ (HIDE_ADDITIONAL_TOOLTIP) into an item flag, skipping...
[10:51:56 WARNING]: [counts.yml] Couldn't convert items.@ (HIDE_ADDITIONAL_TOOLTIP) into an item flag, skipping...
[10:51:56 WARNING]: [counts.yml] Couldn't convert items.@ (HIDE_ADDITIONAL_TOOLTIP) into an item flag, skipping...
[10:51:56 WARNING]: [counts.yml] Couldn't convert items.@ (HIDE_ADDITIONAL_TOOLTIP) into an item flag, skipping...
[10:51:56 WARNING]: [counts.yml] Couldn't convert items.@ (HIDE_ADDITIONAL_TOOLTIP) into an item flag, skipping...
[10:51:56 WARNING]: [counts.yml] Couldn't convert items.@ (HIDE_ADDITIONAL_TOOLTIP) into an item flag, skipping...
[10:51:56 WARNING]: [counts.yml] Couldn't convert items.@ (HIDE_ADDITIONAL_TOOLTIP) into an item flag, skipping...
[10:51:56 WARNING]: [counts.yml] Couldn't convert items.@ (HIDE_ADDITIONAL_TOOLTIP) into an item flag, skipping...
[10:51:56 WARNING]: [counts.yml] Couldn't convert items.@ (HIDE_ADDITIONAL_TOOLTIP) into an item flag, skipping...
[10:51:56 WARNING]: [counts.yml] Couldn't convert items.@ (HIDE_ADDITIONAL_TOOLTIP) into an item flag, skipping...
[10:51:56 WARNING]: [counts.yml] Couldn't convert items.@ (HIDE_ADDITIONAL_TOOLTIP) into an item flag, skipping...
[10:51:56 WARNING]: [counts.yml] Couldn't convert items.@ (HIDE_ADDITIONAL_TOOLTIP) into an item flag, skipping...
[10:51:56 WARNING]: [counts.yml] Couldn't convert items.@ (HIDE_ADDITIONAL_TOOLTIP) into an item flag, skipping...
[10:51:56 WARNING]: [counts.yml] Couldn't convert items.@ (HIDE_ADDITIONAL_TOOLTIP) into an item flag, skipping...
[10:51:56 WARNING]: [counts.yml] Couldn't convert items.@ (HIDE_ADDITIONAL_TOOLTIP) into an item flag, skipping...
[10:51:56 WARNING]: [counts.yml] Couldn't convert items.@ (HIDE_ADDITIONAL_TOOLTIP) into an item flag, skipping...
[10:51:56 WARNING]: [counts.yml] Couldn't convert items.@ (HIDE_ADDITIONAL_TOOLTIP) into an item flag, skipping...
[10:51:56 WARNING]: [counts.yml] Couldn't convert items.@ (HIDE_ADDITIONAL_TOOLTIP) into an item flag, skipping...
[10:51:56 WARNING]: [menus/settings.yml] Couldn't convert settings.spawner_animals_spawn.settings-enabled (HIDE_ADDITIONAL_TOOLTIP) into an item flag, skipping...
[10:51:56 WARNING]: [menus/settings.yml] Couldn't convert settings.spawner_animals_spawn.settings-disabled (HIDE_ADDITIONAL_TOOLTIP) into an item flag, skipping...
[10:51:56 WARNING]: [menus/settings.yml] Couldn't convert settings.spawner_monster_spawn.settings-enabled (HIDE_ADDITIONAL_TOOLTIP) into an item flag, skipping...
[10:51:56 WARNING]: [menus/settings.yml] Couldn't convert settings.spawner_monster_spawn.settings-disabled (HIDE_ADDITIONAL_TOOLTIP) into an item flag, skipping...
[10:51:56 WARNING]: [menus/permissions.yml] Couldn't convert permissions.spawner_break.permission-enabled (HIDE_ADDITIONAL_TOOLTIP) into an item flag, skipping...
[10:51:56 WARNING]: [menus/permissions.yml] Couldn't convert permissions.spawner_break.permission-disabled (HIDE_ADDITIONAL_TOOLTIP) into an item flag, skipping...
[10:51:56 WARNING]: [menus/permissions.yml] Couldn't convert permissions.spawner_break.role-permission (HIDE_ADDITIONAL_TOOLTIP) into an item flag, skipping...
[10:51:56 WARNING]: [menus/upgrades.yml] Couldn't convert upgrades.spawner-rates.1.has-next-level (HIDE_ADDITIONAL_TOOLTIP) into an item flag, skipping...
[10:51:56 WARNING]: [menus/upgrades.yml] Couldn't convert upgrades.spawner-rates.1.no-next-level (HIDE_ADDITIONAL_TOOLTIP) into an item flag, skipping...
[10:51:56 WARNING]: [menus/upgrades.yml] Couldn't convert upgrades.spawner-rates.2.has-next-level (HIDE_ADDITIONAL_TOOLTIP) into an item flag, skipping...
[10:51:56 WARNING]: [menus/upgrades.yml] Couldn't convert upgrades.spawner-rates.2.no-next-level (HIDE_ADDITIONAL_TOOLTIP) into an item flag, skipping...
[10:51:56 WARNING]: [menus/upgrades.yml] Couldn't convert upgrades.spawner-rates.3.has-next-level (HIDE_ADDITIONAL_TOOLTIP) into an item flag, skipping...
[10:51:56 WARNING]: [menus/upgrades.yml] Couldn't convert upgrades.spawner-rates.3.no-next-level (HIDE_ADDITIONAL_TOOLTIP) into an item flag, skipping...
[10:51:56 WARNING]: [menus/upgrades.yml] Couldn't convert upgrades.spawner-rates.4.has-next-level (HIDE_ADDITIONAL_TOOLTIP) into an item flag, skipping...
[10:51:56 WARNING]: [menus/upgrades.yml] Couldn't convert upgrades.spawner-rates.4.no-next-level (HIDE_ADDITIONAL_TOOLTIP) into an item flag, skipping...
[10:51:56 WARNING]: [values.yml] Couldn't convert items.$ (HIDE_ADDITIONAL_TOOLTIP) into an item flag, skipping...
[10:51:56 INFO]: Trying to connect to local database (SQLite)...
[10:51:56 INFO]: Successfully established connection with local database!
[10:51:56 INFO]: Creating a backup file...
[10:51:56 INFO]: Backup done!
[10:51:56 INFO]: Starting to load players...
[10:51:56 INFO]: Finished loading 13 players (Took 3ms)
[10:51:56 INFO]: Starting to load islands...
[10:51:56 INFO]: Finished loading 3 islands (Took 22ms)
[10:51:56 INFO]: Starting to load grid...
[10:51:56 INFO]: Finished grid!
[10:51:56 INFO]: Starting to load stacked blocks...
[10:51:56 INFO]: Finished stacked blocks!
[10:51:56 INFO]: 
[10:51:56 INFO]: A new version is available (v2026.2)!
[10:51:56 INFO]: Version's description: "Adds support for 26.2, bug fixes and more!"
[10:51:56 INFO]: 
[10:51:59 INFO]: Using LuckPerms as a permissions provider.
[10:51:59 INFO]: Hooked into Essentials for support of vanish status of players.
[10:51:59 INFO]: Hooked into Essentials for support of afk status of players.
[10:51:59 INFO]: Using Vault as an economy provider.
[10:51:59 INFO]: Using PlaceholderAPI for placeholders support.
[10:51:59 INFO]: Detected PaperSpigot - Using async chunk-loading support with PaperMC.
