[09-13 20:09:38]: [INFO] Created column 'regdate' and set the current timestamp, 1789319378470, to all 0 rows
[09-13 20:09:38]: [INFO] SQLite Setup finished
[09-13 20:09:38]: [INFO] Hooked into LuckPerms!
[09-13 20:09:38]: [INFO] Hooked successfully into Essentials
[09-13 20:09:38]: [WARN] Note: Hooks.bungeecord is set to false but your server appears to be running in bungeecord mode (see your spigot.yml). In order to allow the datasource caching and the AuthMeBungee add-on to work properly you have to enable this option!
[09-13 20:09:38]: [INFO] AuthMe 5.6.0 build n.CUSTOM successfully enabled!
[09-13 20:09:38]: [INFO] Downloading GEO IP database, because the old database is older than 30 days or doesn't exist
[09-13 20:09:38]: [WARN] No MaxMind credentials found in the configuration file! GeoIp protections will be disabled.
[09-13 20:09:38]: [INFO] There is no newer GEO IP database uploaded to MaxMind. Using the old one for now.
[09-13 20:09:38]: [WARN] Could not download GeoLiteAPI database [FileNotFoundException]: plugins/AuthMe/GeoLite2-Country.mmdb (No such file or directory)
[09-13 20:09:38]: java.io.FileNotFoundException: plugins/AuthMe/GeoLite2-Country.mmdb (No such file or directory)
	at java.base/java.io.RandomAccessFile.open0(Native Method)
	at java.base/java.io.RandomAccessFile.open(RandomAccessFile.java:344)
	at java.base/java.io.RandomAccessFile.<init>(RandomAccessFile.java:259)
	at java.base/java.io.RandomAccessFile.<init>(RandomAccessFile.java:213)
	at AuthMe-5.6.0.jar//fr.xephi.authme.libs.com.maxmind.db.BufferHolder.<init>(BufferHolder.java:20)
	at AuthMe-5.6.0.jar//fr.xephi.authme.libs.com.maxmind.db.Reader.<init>(Reader.java:121)
	at AuthMe-5.6.0.jar//fr.xephi.authme.service.GeoIpService.startReading(GeoIpService.java:179)
	at AuthMe-5.6.0.jar//fr.xephi.authme.service.GeoIpService.updateDatabase(GeoIpService.java:150)
	at org.bukkit.craftbukkit.v1_20_R3.scheduler.CraftTask.run(CraftTask.java:101)
	at org.bukkit.craftbukkit.v1_20_R3.scheduler.CraftAsyncTask.run(CraftAsyncTask.java:57)
	at com.destroystokyo.paper.ServerSchedulerReportingWrapper.run(ServerSchedulerReportingWrapper.java:22)
	at java.base/java.util.concurrent.ThreadPoolExecutor.runWorker(ThreadPoolExecutor.java:1136)
	at java.base/java.util.concurrent.ThreadPoolExecutor$Worker.run(ThreadPoolExecutor.java:635)
	at java.base/java.lang.Thread.run(Thread.java:840)

[09-13 20:10:00]: [FINE] OmenTonremmm registered 127.0.0.1
[09-13 20:10:00]: [FINE] OmenTonremmm logged in 127.0.0.1
[09-13 20:18:43]: [FINE] OmenTonremmm logged in 127.0.0.1
[09-13 20:18:49]: [INFO] AuthMe 5.6.0-bCUSTOM disabled!
[09-17 14:52:50]: [INFO] SQLite Setup finished
[09-17 14:52:50]: [INFO] Hooked into LuckPerms!
[09-17 14:52:50]: [INFO] Hooked successfully into Essentials
[09-17 14:52:50]: [WARN] Note: Hooks.bungeecord is set to false but your server appears to be running in bungeecord mode (see your spigot.yml). In order to allow the datasource caching and the AuthMeBungee add-on to work properly you have to enable this option!
[09-17 14:52:50]: [INFO] AuthMe 5.6.0 build n.CUSTOM successfully enabled!
[09-17 14:52:52]: [INFO] Downloading GEO IP database, because the old database is older than 30 days or doesn't exist
[09-17 14:52:52]: [WARN] No MaxMind credentials found in the configuration file! GeoIp protections will be disabled.
[09-17 14:52:52]: [INFO] There is no newer GEO IP database uploaded to MaxMind. Using the old one for now.
[09-17 14:52:52]: [WARN] Could not download GeoLiteAPI database [FileNotFoundException]: plugins/AuthMe/GeoLite2-Country.mmdb (No such file or directory)
[09-17 14:52:52]: java.io.FileNotFoundException: plugins/AuthMe/GeoLite2-Country.mmdb (No such file or directory)
	at java.base/java.io.RandomAccessFile.open0(Native Method)
	at java.base/java.io.RandomAccessFile.open(RandomAccessFile.java:344)
	at java.base/java.io.RandomAccessFile.<init>(RandomAccessFile.java:259)
	at java.base/java.io.RandomAccessFile.<init>(RandomAccessFile.java:213)
	at AuthMe-5.6.0.jar//fr.xephi.authme.libs.com.maxmind.db.BufferHolder.<init>(BufferHolder.java:20)
	at AuthMe-5.6.0.jar//fr.xephi.authme.libs.com.maxmind.db.Reader.<init>(Reader.java:121)
	at AuthMe-5.6.0.jar//fr.xephi.authme.service.GeoIpService.startReading(GeoIpService.java:179)
	at AuthMe-5.6.0.jar//fr.xephi.authme.service.GeoIpService.updateDatabase(GeoIpService.java:150)
	at org.bukkit.craftbukkit.v1_20_R3.scheduler.CraftTask.run(CraftTask.java:101)
	at org.bukkit.craftbukkit.v1_20_R3.scheduler.CraftAsyncTask.run(CraftAsyncTask.java:57)
	at com.destroystokyo.paper.ServerSchedulerReportingWrapper.run(ServerSchedulerReportingWrapper.java:22)
	at java.base/java.util.concurrent.ThreadPoolExecutor.runWorker(ThreadPoolExecutor.java:1136)
	at java.base/java.util.concurrent.ThreadPoolExecutor$Worker.run(ThreadPoolExecutor.java:635)
	at java.base/java.lang.Thread.run(Thread.java:840)

[09-17 14:53:45]: [INFO] AuthMe 5.6.0-bCUSTOM disabled!
[09-17 14:54:33]: [INFO] SQLite Setup finished
[09-17 14:54:33]: [INFO] Hooked into LuckPerms!
[09-17 14:54:33]: [INFO] Hooked successfully into Essentials
[09-17 14:54:33]: [INFO] AuthMe 5.6.0 build n.CUSTOM successfully enabled!
[09-17 14:54:34]: [INFO] Downloading GEO IP database, because the old database is older than 30 days or doesn't exist
[09-17 14:54:34]: [WARN] No MaxMind credentials found in the configuration file! GeoIp protections will be disabled.
[09-17 14:54:34]: [INFO] There is no newer GEO IP database uploaded to MaxMind. Using the old one for now.
[09-17 14:54:34]: [WARN] Could not download GeoLiteAPI database [FileNotFoundException]: plugins/AuthMe/GeoLite2-Country.mmdb (No such file or directory)
[09-17 14:54:34]: java.io.FileNotFoundException: plugins/AuthMe/GeoLite2-Country.mmdb (No such file or directory)
	at java.base/java.io.RandomAccessFile.open0(Native Method)
	at java.base/java.io.RandomAccessFile.open(RandomAccessFile.java:344)
	at java.base/java.io.RandomAccessFile.<init>(RandomAccessFile.java:259)
	at java.base/java.io.RandomAccessFile.<init>(RandomAccessFile.java:213)
	at AuthMe-5.6.0.jar//fr.xephi.authme.libs.com.maxmind.db.BufferHolder.<init>(BufferHolder.java:20)
	at AuthMe-5.6.0.jar//fr.xephi.authme.libs.com.maxmind.db.Reader.<init>(Reader.java:121)
	at AuthMe-5.6.0.jar//fr.xephi.authme.service.GeoIpService.startReading(GeoIpService.java:179)
	at AuthMe-5.6.0.jar//fr.xephi.authme.service.GeoIpService.updateDatabase(GeoIpService.java:150)
	at org.bukkit.craftbukkit.v1_20_R3.scheduler.CraftTask.run(CraftTask.java:101)
	at org.bukkit.craftbukkit.v1_20_R3.scheduler.CraftAsyncTask.run(CraftAsyncTask.java:57)
	at com.destroystokyo.paper.ServerSchedulerReportingWrapper.run(ServerSchedulerReportingWrapper.java:22)
	at java.base/java.util.concurrent.ThreadPoolExecutor.runWorker(ThreadPoolExecutor.java:1136)
	at java.base/java.util.concurrent.ThreadPoolExecutor$Worker.run(ThreadPoolExecutor.java:635)
	at java.base/java.lang.Thread.run(Thread.java:840)

[09-17 14:55:30]: [FINE] OmenTonremmm logged in 127.0.0.1
[09-17 14:58:42]: [INFO] AuthMe 5.6.0-bCUSTOM disabled!
[09-17 16:32:24]: [INFO] SQLite Setup finished
[09-17 16:32:24]: [INFO] Hooked into LuckPerms!
[09-17 16:32:24]: [INFO] Hooked successfully into Essentials
[09-17 16:32:24]: [INFO] AuthMe 5.6.0 build n.CUSTOM successfully enabled!
[09-17 16:32:25]: [INFO] Downloading GEO IP database, because the old database is older than 30 days or doesn't exist
[09-17 16:32:25]: [WARN] No MaxMind credentials found in the configuration file! GeoIp protections will be disabled.
[09-17 16:32:25]: [INFO] There is no newer GEO IP database uploaded to MaxMind. Using the old one for now.
[09-17 16:32:25]: [WARN] Could not download GeoLiteAPI database [FileNotFoundException]: plugins/AuthMe/GeoLite2-Country.mmdb (No such file or directory)
[09-17 16:32:25]: java.io.FileNotFoundException: plugins/AuthMe/GeoLite2-Country.mmdb (No such file or directory)
	at java.base/java.io.RandomAccessFile.open0(Native Method)
	at java.base/java.io.RandomAccessFile.open(RandomAccessFile.java:344)
	at java.base/java.io.RandomAccessFile.<init>(RandomAccessFile.java:259)
	at java.base/java.io.RandomAccessFile.<init>(RandomAccessFile.java:213)
	at AuthMe-5.6.0.jar//fr.xephi.authme.libs.com.maxmind.db.BufferHolder.<init>(BufferHolder.java:20)
	at AuthMe-5.6.0.jar//fr.xephi.authme.libs.com.maxmind.db.Reader.<init>(Reader.java:121)
	at AuthMe-5.6.0.jar//fr.xephi.authme.service.GeoIpService.startReading(GeoIpService.java:179)
	at AuthMe-5.6.0.jar//fr.xephi.authme.service.GeoIpService.updateDatabase(GeoIpService.java:150)
	at org.bukkit.craftbukkit.v1_20_R3.scheduler.CraftTask.run(CraftTask.java:101)
	at org.bukkit.craftbukkit.v1_20_R3.scheduler.CraftAsyncTask.run(CraftAsyncTask.java:57)
	at com.destroystokyo.paper.ServerSchedulerReportingWrapper.run(ServerSchedulerReportingWrapper.java:22)
	at java.base/java.util.concurrent.ThreadPoolExecutor.runWorker(ThreadPoolExecutor.java:1136)
	at java.base/java.util.concurrent.ThreadPoolExecutor$Worker.run(ThreadPoolExecutor.java:635)
	at java.base/java.lang.Thread.run(Thread.java:840)

[09-17 16:36:20]: [FINE] OmenTonremmm used the wrong password
[09-17 16:36:51]: [FINE] OmenTonremmm used the wrong password
[09-17 16:37:06]: [FINE] OmenTonremmm logged in 127.0.0.1
[09-17 16:37:25]: [INFO] AuthMe 5.6.0-bCUSTOM disabled!
[09-17 16:38:02]: [INFO] SQLite Setup finished
[09-17 16:38:02]: [INFO] Hooked into LuckPerms!
[09-17 16:38:02]: [INFO] Hooked successfully into Essentials
[09-17 16:38:02]: [INFO] AuthMe 5.6.0 build n.CUSTOM successfully enabled!
[09-17 16:38:03]: [INFO] Downloading GEO IP database, because the old database is older than 30 days or doesn't exist
[09-17 16:38:03]: [WARN] No MaxMind credentials found in the configuration file! GeoIp protections will be disabled.
[09-17 16:38:03]: [INFO] There is no newer GEO IP database uploaded to MaxMind. Using the old one for now.
[09-17 16:38:03]: [WARN] Could not download GeoLiteAPI database [FileNotFoundException]: plugins/AuthMe/GeoLite2-Country.mmdb (No such file or directory)
[09-17 16:38:03]: java.io.FileNotFoundException: plugins/AuthMe/GeoLite2-Country.mmdb (No such file or directory)
	at java.base/java.io.RandomAccessFile.open0(Native Method)
	at java.base/java.io.RandomAccessFile.open(RandomAccessFile.java:344)
	at java.base/java.io.RandomAccessFile.<init>(RandomAccessFile.java:259)
	at java.base/java.io.RandomAccessFile.<init>(RandomAccessFile.java:213)
	at AuthMe-5.6.0.jar//fr.xephi.authme.libs.com.maxmind.db.BufferHolder.<init>(BufferHolder.java:20)
	at AuthMe-5.6.0.jar//fr.xephi.authme.libs.com.maxmind.db.Reader.<init>(Reader.java:121)
	at AuthMe-5.6.0.jar//fr.xephi.authme.service.GeoIpService.startReading(GeoIpService.java:179)
	at AuthMe-5.6.0.jar//fr.xephi.authme.service.GeoIpService.updateDatabase(GeoIpService.java:150)
	at org.bukkit.craftbukkit.v1_20_R3.scheduler.CraftTask.run(CraftTask.java:101)
	at org.bukkit.craftbukkit.v1_20_R3.scheduler.CraftAsyncTask.run(CraftAsyncTask.java:57)
	at com.destroystokyo.paper.ServerSchedulerReportingWrapper.run(ServerSchedulerReportingWrapper.java:22)
	at java.base/java.util.concurrent.ThreadPoolExecutor.runWorker(ThreadPoolExecutor.java:1136)
	at java.base/java.util.concurrent.ThreadPoolExecutor$Worker.run(ThreadPoolExecutor.java:635)
	at java.base/java.lang.Thread.run(Thread.java:840)

[09-17 16:38:38]: [FINE] OmenTonremmm logged in 127.0.0.1
[09-17 16:45:46]: [FINE] OmenTonremmm logged in 127.0.0.1
[09-17 16:51:32]: [INFO] AuthMe 5.6.0-bCUSTOM disabled!
[09-17 16:52:10]: [INFO] SQLite Setup finished
[09-17 16:52:10]: [INFO] Hooked into LuckPerms!
[09-17 16:52:10]: [INFO] Hooked successfully into Essentials
[09-17 16:52:10]: [INFO] AuthMe 5.6.0 build n.CUSTOM successfully enabled!
[09-17 16:52:11]: [INFO] Downloading GEO IP database, because the old database is older than 30 days or doesn't exist
[09-17 16:52:11]: [WARN] No MaxMind credentials found in the configuration file! GeoIp protections will be disabled.
[09-17 16:52:11]: [INFO] There is no newer GEO IP database uploaded to MaxMind. Using the old one for now.
[09-17 16:52:11]: [WARN] Could not download GeoLiteAPI database [FileNotFoundException]: plugins/AuthMe/GeoLite2-Country.mmdb (No such file or directory)
[09-17 16:52:11]: java.io.FileNotFoundException: plugins/AuthMe/GeoLite2-Country.mmdb (No such file or directory)
	at java.base/java.io.RandomAccessFile.open0(Native Method)
	at java.base/java.io.RandomAccessFile.open(RandomAccessFile.java:344)
	at java.base/java.io.RandomAccessFile.<init>(RandomAccessFile.java:259)
	at java.base/java.io.RandomAccessFile.<init>(RandomAccessFile.java:213)
	at AuthMe-5.6.0.jar//fr.xephi.authme.libs.com.maxmind.db.BufferHolder.<init>(BufferHolder.java:20)
	at AuthMe-5.6.0.jar//fr.xephi.authme.libs.com.maxmind.db.Reader.<init>(Reader.java:121)
	at AuthMe-5.6.0.jar//fr.xephi.authme.service.GeoIpService.startReading(GeoIpService.java:179)
	at AuthMe-5.6.0.jar//fr.xephi.authme.service.GeoIpService.updateDatabase(GeoIpService.java:150)
	at org.bukkit.craftbukkit.v1_20_R3.scheduler.CraftTask.run(CraftTask.java:101)
	at org.bukkit.craftbukkit.v1_20_R3.scheduler.CraftAsyncTask.run(CraftAsyncTask.java:57)
	at com.destroystokyo.paper.ServerSchedulerReportingWrapper.run(ServerSchedulerReportingWrapper.java:22)
	at java.base/java.util.concurrent.ThreadPoolExecutor.runWorker(ThreadPoolExecutor.java:1136)
	at java.base/java.util.concurrent.ThreadPoolExecutor$Worker.run(ThreadPoolExecutor.java:635)
	at java.base/java.lang.Thread.run(Thread.java:840)

[09-17 16:52:26]: [FINE] OmenTonremmm logged in 127.0.0.1
[09-17 17:04:48]: [INFO] AuthMe 5.6.0-bCUSTOM disabled!
[09-17 20:59:08]: [INFO] SQLite Setup finished
[09-17 20:59:08]: [INFO] Hooked into LuckPerms!
[09-17 20:59:08]: [INFO] Hooked successfully into Essentials
[09-17 20:59:08]: [INFO] AuthMe 5.6.0 build n.CUSTOM successfully enabled!
[09-17 20:59:10]: [INFO] Downloading GEO IP database, because the old database is older than 30 days or doesn't exist
[09-17 20:59:10]: [WARN] No MaxMind credentials found in the configuration file! GeoIp protections will be disabled.
[09-17 20:59:10]: [INFO] There is no newer GEO IP database uploaded to MaxMind. Using the old one for now.
[09-17 20:59:10]: [WARN] Could not download GeoLiteAPI database [FileNotFoundException]: plugins/AuthMe/GeoLite2-Country.mmdb (No such file or directory)
[09-17 20:59:10]: java.io.FileNotFoundException: plugins/AuthMe/GeoLite2-Country.mmdb (No such file or directory)
	at java.base/java.io.RandomAccessFile.open0(Native Method)
	at java.base/java.io.RandomAccessFile.open(RandomAccessFile.java:344)
	at java.base/java.io.RandomAccessFile.<init>(RandomAccessFile.java:259)
	at java.base/java.io.RandomAccessFile.<init>(RandomAccessFile.java:213)
	at AuthMe-5.6.0.jar//fr.xephi.authme.libs.com.maxmind.db.BufferHolder.<init>(BufferHolder.java:20)
	at AuthMe-5.6.0.jar//fr.xephi.authme.libs.com.maxmind.db.Reader.<init>(Reader.java:121)
	at AuthMe-5.6.0.jar//fr.xephi.authme.service.GeoIpService.startReading(GeoIpService.java:179)
	at AuthMe-5.6.0.jar//fr.xephi.authme.service.GeoIpService.updateDatabase(GeoIpService.java:150)
	at org.bukkit.craftbukkit.v1_20_R3.scheduler.CraftTask.run(CraftTask.java:101)
	at org.bukkit.craftbukkit.v1_20_R3.scheduler.CraftAsyncTask.run(CraftAsyncTask.java:57)
	at com.destroystokyo.paper.ServerSchedulerReportingWrapper.run(ServerSchedulerReportingWrapper.java:22)
	at java.base/java.util.concurrent.ThreadPoolExecutor.runWorker(ThreadPoolExecutor.java:1136)
	at java.base/java.util.concurrent.ThreadPoolExecutor$Worker.run(ThreadPoolExecutor.java:635)
	at java.base/java.lang.Thread.run(Thread.java:840)

[09-17 21:04:11]: [INFO] AuthMe 5.6.0-bCUSTOM disabled!
[09-19 12:13:50]: [INFO] SQLite Setup finished
[09-19 12:13:50]: [INFO] Hooked into LuckPerms!
[09-19 12:13:50]: [INFO] Hooked successfully into Essentials
[09-19 12:13:50]: [INFO] AuthMe 5.6.0 build n.CUSTOM successfully enabled!
[09-19 12:13:52]: [INFO] Downloading GEO IP database, because the old database is older than 30 days or doesn't exist
[09-19 12:13:52]: [WARN] No MaxMind credentials found in the configuration file! GeoIp protections will be disabled.
[09-19 12:13:52]: [INFO] There is no newer GEO IP database uploaded to MaxMind. Using the old one for now.
[09-19 12:13:52]: [WARN] Could not download GeoLiteAPI database [FileNotFoundException]: plugins/AuthMe/GeoLite2-Country.mmdb (No such file or directory)
[09-19 12:13:52]: java.io.FileNotFoundException: plugins/AuthMe/GeoLite2-Country.mmdb (No such file or directory)
	at java.base/java.io.RandomAccessFile.open0(Native Method)
	at java.base/java.io.RandomAccessFile.open(RandomAccessFile.java:344)
	at java.base/java.io.RandomAccessFile.<init>(RandomAccessFile.java:259)
	at java.base/java.io.RandomAccessFile.<init>(RandomAccessFile.java:213)
	at AuthMe-5.6.0.jar//fr.xephi.authme.libs.com.maxmind.db.BufferHolder.<init>(BufferHolder.java:20)
	at AuthMe-5.6.0.jar//fr.xephi.authme.libs.com.maxmind.db.Reader.<init>(Reader.java:121)
	at AuthMe-5.6.0.jar//fr.xephi.authme.service.GeoIpService.startReading(GeoIpService.java:179)
	at AuthMe-5.6.0.jar//fr.xephi.authme.service.GeoIpService.updateDatabase(GeoIpService.java:150)
	at org.bukkit.craftbukkit.v1_20_R3.scheduler.CraftTask.run(CraftTask.java:101)
	at org.bukkit.craftbukkit.v1_20_R3.scheduler.CraftAsyncTask.run(CraftAsyncTask.java:57)
	at com.destroystokyo.paper.ServerSchedulerReportingWrapper.run(ServerSchedulerReportingWrapper.java:22)
	at java.base/java.util.concurrent.ThreadPoolExecutor.runWorker(ThreadPoolExecutor.java:1136)
	at java.base/java.util.concurrent.ThreadPoolExecutor$Worker.run(ThreadPoolExecutor.java:635)
	at java.base/java.lang.Thread.run(Thread.java:840)

[09-19 12:19:25]: [FINE] OmenTonremmm logged in 127.0.0.1
[09-19 12:22:50]: [INFO] AuthMe 5.6.0-bCUSTOM disabled!
[09-19 12:23:23]: [INFO] SQLite Setup finished
[09-19 12:23:23]: [INFO] Hooked into LuckPerms!
[09-19 12:23:23]: [INFO] Hooked successfully into Essentials
[09-19 12:23:23]: [INFO] AuthMe 5.6.0 build n.CUSTOM successfully enabled!
[09-19 12:23:25]: [INFO] Downloading GEO IP database, because the old database is older than 30 days or doesn't exist
[09-19 12:23:25]: [WARN] No MaxMind credentials found in the configuration file! GeoIp protections will be disabled.
[09-19 12:23:25]: [INFO] There is no newer GEO IP database uploaded to MaxMind. Using the old one for now.
[09-19 12:23:25]: [WARN] Could not download GeoLiteAPI database [FileNotFoundException]: plugins/AuthMe/GeoLite2-Country.mmdb (No such file or directory)
[09-19 12:23:25]: java.io.FileNotFoundException: plugins/AuthMe/GeoLite2-Country.mmdb (No such file or directory)
	at java.base/java.io.RandomAccessFile.open0(Native Method)
	at java.base/java.io.RandomAccessFile.open(RandomAccessFile.java:344)
	at java.base/java.io.RandomAccessFile.<init>(RandomAccessFile.java:259)
	at java.base/java.io.RandomAccessFile.<init>(RandomAccessFile.java:213)
	at AuthMe-5.6.0.jar//fr.xephi.authme.libs.com.maxmind.db.BufferHolder.<init>(BufferHolder.java:20)
	at AuthMe-5.6.0.jar//fr.xephi.authme.libs.com.maxmind.db.Reader.<init>(Reader.java:121)
	at AuthMe-5.6.0.jar//fr.xephi.authme.service.GeoIpService.startReading(GeoIpService.java:179)
	at AuthMe-5.6.0.jar//fr.xephi.authme.service.GeoIpService.updateDatabase(GeoIpService.java:150)
	at org.bukkit.craftbukkit.v1_20_R3.scheduler.CraftTask.run(CraftTask.java:101)
	at org.bukkit.craftbukkit.v1_20_R3.scheduler.CraftAsyncTask.run(CraftAsyncTask.java:57)
	at com.destroystokyo.paper.ServerSchedulerReportingWrapper.run(ServerSchedulerReportingWrapper.java:22)
	at java.base/java.util.concurrent.ThreadPoolExecutor.runWorker(ThreadPoolExecutor.java:1136)
	at java.base/java.util.concurrent.ThreadPoolExecutor$Worker.run(ThreadPoolExecutor.java:635)
	at java.base/java.lang.Thread.run(Thread.java:840)

[09-19 12:24:15]: [FINE] OmenTonremmm logged in 127.0.0.1
[09-19 12:28:08]: [INFO] AuthMe 5.6.0-bCUSTOM disabled!
[09-19 12:28:45]: [INFO] SQLite Setup finished
[09-19 12:28:45]: [INFO] Hooked into LuckPerms!
[09-19 12:28:45]: [INFO] Hooked successfully into Essentials
[09-19 12:28:45]: [INFO] AuthMe 5.6.0 build n.CUSTOM successfully enabled!
[09-19 12:28:46]: [INFO] Downloading GEO IP database, because the old database is older than 30 days or doesn't exist
[09-19 12:28:46]: [WARN] No MaxMind credentials found in the configuration file! GeoIp protections will be disabled.
[09-19 12:28:46]: [INFO] There is no newer GEO IP database uploaded to MaxMind. Using the old one for now.
[09-19 12:28:46]: [WARN] Could not download GeoLiteAPI database [FileNotFoundException]: plugins/AuthMe/GeoLite2-Country.mmdb (No such file or directory)
[09-19 12:28:46]: java.io.FileNotFoundException: plugins/AuthMe/GeoLite2-Country.mmdb (No such file or directory)
	at java.base/java.io.RandomAccessFile.open0(Native Method)
	at java.base/java.io.RandomAccessFile.open(RandomAccessFile.java:344)
	at java.base/java.io.RandomAccessFile.<init>(RandomAccessFile.java:259)
	at java.base/java.io.RandomAccessFile.<init>(RandomAccessFile.java:213)
	at AuthMe-5.6.0.jar//fr.xephi.authme.libs.com.maxmind.db.BufferHolder.<init>(BufferHolder.java:20)
	at AuthMe-5.6.0.jar//fr.xephi.authme.libs.com.maxmind.db.Reader.<init>(Reader.java:121)
	at AuthMe-5.6.0.jar//fr.xephi.authme.service.GeoIpService.startReading(GeoIpService.java:179)
	at AuthMe-5.6.0.jar//fr.xephi.authme.service.GeoIpService.updateDatabase(GeoIpService.java:150)
	at org.bukkit.craftbukkit.v1_20_R3.scheduler.CraftTask.run(CraftTask.java:101)
	at org.bukkit.craftbukkit.v1_20_R3.scheduler.CraftAsyncTask.run(CraftAsyncTask.java:57)
	at com.destroystokyo.paper.ServerSchedulerReportingWrapper.run(ServerSchedulerReportingWrapper.java:22)
	at java.base/java.util.concurrent.ThreadPoolExecutor.runWorker(ThreadPoolExecutor.java:1136)
	at java.base/java.util.concurrent.ThreadPoolExecutor$Worker.run(ThreadPoolExecutor.java:635)
	at java.base/java.lang.Thread.run(Thread.java:840)

[09-19 12:29:24]: [FINE] OmenTonremmm used the wrong password
[09-19 12:29:41]: [FINE] OmenTonremmm logged in 127.0.0.1
[09-19 12:31:45]: [INFO] AuthMe 5.6.0-bCUSTOM disabled!
[09-19 12:32:34]: [INFO] SQLite Setup finished
[09-19 12:32:34]: [INFO] Hooked into LuckPerms!
[09-19 12:32:34]: [INFO] Hooked successfully into Essentials
[09-19 12:32:34]: [INFO] AuthMe 5.6.0 build n.CUSTOM successfully enabled!
[09-19 12:32:36]: [INFO] Downloading GEO IP database, because the old database is older than 30 days or doesn't exist
[09-19 12:32:36]: [WARN] No MaxMind credentials found in the configuration file! GeoIp protections will be disabled.
[09-19 12:32:36]: [INFO] There is no newer GEO IP database uploaded to MaxMind. Using the old one for now.
[09-19 12:32:36]: [WARN] Could not download GeoLiteAPI database [FileNotFoundException]: plugins/AuthMe/GeoLite2-Country.mmdb (No such file or directory)
[09-19 12:32:36]: java.io.FileNotFoundException: plugins/AuthMe/GeoLite2-Country.mmdb (No such file or directory)
	at java.base/java.io.RandomAccessFile.open0(Native Method)
	at java.base/java.io.RandomAccessFile.open(RandomAccessFile.java:344)
	at java.base/java.io.RandomAccessFile.<init>(RandomAccessFile.java:259)
	at java.base/java.io.RandomAccessFile.<init>(RandomAccessFile.java:213)
	at AuthMe-5.6.0.jar//fr.xephi.authme.libs.com.maxmind.db.BufferHolder.<init>(BufferHolder.java:20)
	at AuthMe-5.6.0.jar//fr.xephi.authme.libs.com.maxmind.db.Reader.<init>(Reader.java:121)
	at AuthMe-5.6.0.jar//fr.xephi.authme.service.GeoIpService.startReading(GeoIpService.java:179)
	at AuthMe-5.6.0.jar//fr.xephi.authme.service.GeoIpService.updateDatabase(GeoIpService.java:150)
	at org.bukkit.craftbukkit.v1_20_R3.scheduler.CraftTask.run(CraftTask.java:101)
	at org.bukkit.craftbukkit.v1_20_R3.scheduler.CraftAsyncTask.run(CraftAsyncTask.java:57)
	at com.destroystokyo.paper.ServerSchedulerReportingWrapper.run(ServerSchedulerReportingWrapper.java:22)
	at java.base/java.util.concurrent.ThreadPoolExecutor.runWorker(ThreadPoolExecutor.java:1136)
	at java.base/java.util.concurrent.ThreadPoolExecutor$Worker.run(ThreadPoolExecutor.java:635)
	at java.base/java.lang.Thread.run(Thread.java:840)

[09-19 12:33:01]: [FINE] OmenTonremmm logged in 127.0.0.1
[09-19 12:44:00]: [INFO] AuthMe 5.6.0-bCUSTOM disabled!
[09-19 14:17:51]: [INFO] SQLite Setup finished
[09-19 14:17:51]: [INFO] Hooked into LuckPerms!
[09-19 14:17:51]: [INFO] Hooked successfully into Essentials
[09-19 14:17:51]: [INFO] AuthMe 5.6.0 build n.CUSTOM successfully enabled!
[09-19 14:17:52]: [INFO] Downloading GEO IP database, because the old database is older than 30 days or doesn't exist
[09-19 14:17:52]: [WARN] No MaxMind credentials found in the configuration file! GeoIp protections will be disabled.
[09-19 14:17:52]: [INFO] There is no newer GEO IP database uploaded to MaxMind. Using the old one for now.
[09-19 14:17:52]: [WARN] Could not download GeoLiteAPI database [FileNotFoundException]: plugins/AuthMe/GeoLite2-Country.mmdb (No such file or directory)
[09-19 14:17:52]: java.io.FileNotFoundException: plugins/AuthMe/GeoLite2-Country.mmdb (No such file or directory)
	at java.base/java.io.RandomAccessFile.open0(Native Method)
	at java.base/java.io.RandomAccessFile.open(RandomAccessFile.java:344)
	at java.base/java.io.RandomAccessFile.<init>(RandomAccessFile.java:259)
	at java.base/java.io.RandomAccessFile.<init>(RandomAccessFile.java:213)
	at AuthMe-5.6.0.jar//fr.xephi.authme.libs.com.maxmind.db.BufferHolder.<init>(BufferHolder.java:20)
	at AuthMe-5.6.0.jar//fr.xephi.authme.libs.com.maxmind.db.Reader.<init>(Reader.java:121)
	at AuthMe-5.6.0.jar//fr.xephi.authme.service.GeoIpService.startReading(GeoIpService.java:179)
	at AuthMe-5.6.0.jar//fr.xephi.authme.service.GeoIpService.updateDatabase(GeoIpService.java:150)
	at org.bukkit.craftbukkit.v1_20_R3.scheduler.CraftTask.run(CraftTask.java:101)
	at org.bukkit.craftbukkit.v1_20_R3.scheduler.CraftAsyncTask.run(CraftAsyncTask.java:57)
	at com.destroystokyo.paper.ServerSchedulerReportingWrapper.run(ServerSchedulerReportingWrapper.java:22)
	at java.base/java.util.concurrent.ThreadPoolExecutor.runWorker(ThreadPoolExecutor.java:1136)
	at java.base/java.util.concurrent.ThreadPoolExecutor$Worker.run(ThreadPoolExecutor.java:635)
	at java.base/java.lang.Thread.run(Thread.java:840)

[09-19 14:18:03]: [FINE] OmenTonremmm logged in 127.0.0.1
[09-19 14:30:23]: [INFO] AuthMe 5.6.0-bCUSTOM disabled!
[09-19 14:31:09]: [INFO] SQLite Setup finished
[09-19 14:31:09]: [INFO] Hooked into LuckPerms!
[09-19 14:31:09]: [INFO] Hooked successfully into Essentials
[09-19 14:31:09]: [INFO] AuthMe 5.6.0 build n.CUSTOM successfully enabled!
[09-19 14:31:10]: [INFO] Downloading GEO IP database, because the old database is older than 30 days or doesn't exist
[09-19 14:31:10]: [WARN] No MaxMind credentials found in the configuration file! GeoIp protections will be disabled.
[09-19 14:31:10]: [INFO] There is no newer GEO IP database uploaded to MaxMind. Using the old one for now.
[09-19 14:31:10]: [WARN] Could not download GeoLiteAPI database [FileNotFoundException]: plugins/AuthMe/GeoLite2-Country.mmdb (No such file or directory)
[09-19 14:31:10]: java.io.FileNotFoundException: plugins/AuthMe/GeoLite2-Country.mmdb (No such file or directory)
	at java.base/java.io.RandomAccessFile.open0(Native Method)
	at java.base/java.io.RandomAccessFile.open(RandomAccessFile.java:344)
	at java.base/java.io.RandomAccessFile.<init>(RandomAccessFile.java:259)
	at java.base/java.io.RandomAccessFile.<init>(RandomAccessFile.java:213)
	at AuthMe-5.6.0.jar//fr.xephi.authme.libs.com.maxmind.db.BufferHolder.<init>(BufferHolder.java:20)
	at AuthMe-5.6.0.jar//fr.xephi.authme.libs.com.maxmind.db.Reader.<init>(Reader.java:121)
	at AuthMe-5.6.0.jar//fr.xephi.authme.service.GeoIpService.startReading(GeoIpService.java:179)
	at AuthMe-5.6.0.jar//fr.xephi.authme.service.GeoIpService.updateDatabase(GeoIpService.java:150)
	at org.bukkit.craftbukkit.v1_20_R3.scheduler.CraftTask.run(CraftTask.java:101)
	at org.bukkit.craftbukkit.v1_20_R3.scheduler.CraftAsyncTask.run(CraftAsyncTask.java:57)
	at com.destroystokyo.paper.ServerSchedulerReportingWrapper.run(ServerSchedulerReportingWrapper.java:22)
	at java.base/java.util.concurrent.ThreadPoolExecutor.runWorker(ThreadPoolExecutor.java:1136)
	at java.base/java.util.concurrent.ThreadPoolExecutor$Worker.run(ThreadPoolExecutor.java:635)
	at java.base/java.lang.Thread.run(Thread.java:840)

[09-19 14:31:51]: [FINE] OmenTonremmm logged in 127.0.0.1
[09-19 14:55:10]: [INFO] AuthMe 5.6.0-bCUSTOM disabled!
[09-19 14:55:49]: [INFO] SQLite Setup finished
[09-19 14:55:49]: [INFO] Hooked into LuckPerms!
[09-19 14:55:49]: [INFO] Hooked successfully into Essentials
[09-19 14:55:49]: [INFO] AuthMe 5.6.0 build n.CUSTOM successfully enabled!
[09-19 14:55:50]: [INFO] Downloading GEO IP database, because the old database is older than 30 days or doesn't exist
[09-19 14:55:50]: [WARN] No MaxMind credentials found in the configuration file! GeoIp protections will be disabled.
[09-19 14:55:50]: [INFO] There is no newer GEO IP database uploaded to MaxMind. Using the old one for now.
[09-19 14:55:50]: [WARN] Could not download GeoLiteAPI database [FileNotFoundException]: plugins/AuthMe/GeoLite2-Country.mmdb (No such file or directory)
[09-19 14:55:50]: java.io.FileNotFoundException: plugins/AuthMe/GeoLite2-Country.mmdb (No such file or directory)
	at java.base/java.io.RandomAccessFile.open0(Native Method)
	at java.base/java.io.RandomAccessFile.open(RandomAccessFile.java:344)
	at java.base/java.io.RandomAccessFile.<init>(RandomAccessFile.java:259)
	at java.base/java.io.RandomAccessFile.<init>(RandomAccessFile.java:213)
	at AuthMe-5.6.0.jar//fr.xephi.authme.libs.com.maxmind.db.BufferHolder.<init>(BufferHolder.java:20)
	at AuthMe-5.6.0.jar//fr.xephi.authme.libs.com.maxmind.db.Reader.<init>(Reader.java:121)
	at AuthMe-5.6.0.jar//fr.xephi.authme.service.GeoIpService.startReading(GeoIpService.java:179)
	at AuthMe-5.6.0.jar//fr.xephi.authme.service.GeoIpService.updateDatabase(GeoIpService.java:150)
	at org.bukkit.craftbukkit.v1_20_R3.scheduler.CraftTask.run(CraftTask.java:101)
	at org.bukkit.craftbukkit.v1_20_R3.scheduler.CraftAsyncTask.run(CraftAsyncTask.java:57)
	at com.destroystokyo.paper.ServerSchedulerReportingWrapper.run(ServerSchedulerReportingWrapper.java:22)
	at java.base/java.util.concurrent.ThreadPoolExecutor.runWorker(ThreadPoolExecutor.java:1136)
	at java.base/java.util.concurrent.ThreadPoolExecutor$Worker.run(ThreadPoolExecutor.java:635)
	at java.base/java.lang.Thread.run(Thread.java:840)

[09-19 15:00:43]: [INFO] AuthMe 5.6.0-bCUSTOM disabled!
[09-19 15:01:13]: [INFO] SQLite Setup finished
[09-19 15:01:13]: [INFO] Hooked into LuckPerms!
[09-19 15:01:13]: [INFO] Hooked successfully into Essentials
[09-19 15:01:13]: [INFO] AuthMe 5.6.0 build n.CUSTOM successfully enabled!
[09-19 15:01:14]: [INFO] Downloading GEO IP database, because the old database is older than 30 days or doesn't exist
[09-19 15:01:14]: [WARN] No MaxMind credentials found in the configuration file! GeoIp protections will be disabled.
[09-19 15:01:14]: [INFO] There is no newer GEO IP database uploaded to MaxMind. Using the old one for now.
[09-19 15:01:14]: [WARN] Could not download GeoLiteAPI database [FileNotFoundException]: plugins/AuthMe/GeoLite2-Country.mmdb (No such file or directory)
[09-19 15:01:14]: java.io.FileNotFoundException: plugins/AuthMe/GeoLite2-Country.mmdb (No such file or directory)
	at java.base/java.io.RandomAccessFile.open0(Native Method)
	at java.base/java.io.RandomAccessFile.open(RandomAccessFile.java:344)
	at java.base/java.io.RandomAccessFile.<init>(RandomAccessFile.java:259)
	at java.base/java.io.RandomAccessFile.<init>(RandomAccessFile.java:213)
	at AuthMe-5.6.0.jar//fr.xephi.authme.libs.com.maxmind.db.BufferHolder.<init>(BufferHolder.java:20)
	at AuthMe-5.6.0.jar//fr.xephi.authme.libs.com.maxmind.db.Reader.<init>(Reader.java:121)
	at AuthMe-5.6.0.jar//fr.xephi.authme.service.GeoIpService.startReading(GeoIpService.java:179)
	at AuthMe-5.6.0.jar//fr.xephi.authme.service.GeoIpService.updateDatabase(GeoIpService.java:150)
	at org.bukkit.craftbukkit.v1_20_R3.scheduler.CraftTask.run(CraftTask.java:101)
	at org.bukkit.craftbukkit.v1_20_R3.scheduler.CraftAsyncTask.run(CraftAsyncTask.java:57)
	at com.destroystokyo.paper.ServerSchedulerReportingWrapper.run(ServerSchedulerReportingWrapper.java:22)
	at java.base/java.util.concurrent.ThreadPoolExecutor.runWorker(ThreadPoolExecutor.java:1136)
	at java.base/java.util.concurrent.ThreadPoolExecutor$Worker.run(ThreadPoolExecutor.java:635)
	at java.base/java.lang.Thread.run(Thread.java:840)

[09-19 15:05:25]: [INFO] AuthMe 5.6.0-bCUSTOM disabled!
[09-19 15:05:56]: [INFO] SQLite Setup finished
[09-19 15:05:56]: [INFO] Hooked into LuckPerms!
[09-19 15:05:56]: [INFO] Hooked successfully into Essentials
[09-19 15:05:56]: [INFO] AuthMe 5.6.0 build n.CUSTOM successfully enabled!
[09-19 15:05:58]: [INFO] Downloading GEO IP database, because the old database is older than 30 days or doesn't exist
[09-19 15:05:58]: [WARN] No MaxMind credentials found in the configuration file! GeoIp protections will be disabled.
[09-19 15:05:58]: [INFO] There is no newer GEO IP database uploaded to MaxMind. Using the old one for now.
[09-19 15:05:58]: [WARN] Could not download GeoLiteAPI database [FileNotFoundException]: plugins/AuthMe/GeoLite2-Country.mmdb (No such file or directory)
[09-19 15:05:58]: java.io.FileNotFoundException: plugins/AuthMe/GeoLite2-Country.mmdb (No such file or directory)
	at java.base/java.io.RandomAccessFile.open0(Native Method)
	at java.base/java.io.RandomAccessFile.open(RandomAccessFile.java:344)
	at java.base/java.io.RandomAccessFile.<init>(RandomAccessFile.java:259)
	at java.base/java.io.RandomAccessFile.<init>(RandomAccessFile.java:213)
	at AuthMe-5.6.0.jar//fr.xephi.authme.libs.com.maxmind.db.BufferHolder.<init>(BufferHolder.java:20)
	at AuthMe-5.6.0.jar//fr.xephi.authme.libs.com.maxmind.db.Reader.<init>(Reader.java:121)
	at AuthMe-5.6.0.jar//fr.xephi.authme.service.GeoIpService.startReading(GeoIpService.java:179)
	at AuthMe-5.6.0.jar//fr.xephi.authme.service.GeoIpService.updateDatabase(GeoIpService.java:150)
	at org.bukkit.craftbukkit.v1_20_R3.scheduler.CraftTask.run(CraftTask.java:101)
	at org.bukkit.craftbukkit.v1_20_R3.scheduler.CraftAsyncTask.run(CraftAsyncTask.java:57)
	at com.destroystokyo.paper.ServerSchedulerReportingWrapper.run(ServerSchedulerReportingWrapper.java:22)
	at java.base/java.util.concurrent.ThreadPoolExecutor.runWorker(ThreadPoolExecutor.java:1136)
	at java.base/java.util.concurrent.ThreadPoolExecutor$Worker.run(ThreadPoolExecutor.java:635)
	at java.base/java.lang.Thread.run(Thread.java:840)

[09-19 15:30:40]: [INFO] AuthMe 5.6.0-bCUSTOM disabled!
[09-19 22:10:39]: [INFO] SQLite Setup finished
[09-19 22:10:39]: [INFO] Hooked into LuckPerms!
[09-19 22:10:39]: [INFO] Hooked successfully into Essentials
[09-19 22:10:39]: [INFO] AuthMe 5.6.0 build n.CUSTOM successfully enabled!
[09-19 22:10:40]: [INFO] Downloading GEO IP database, because the old database is older than 30 days or doesn't exist
[09-19 22:10:40]: [WARN] No MaxMind credentials found in the configuration file! GeoIp protections will be disabled.
[09-19 22:10:40]: [INFO] There is no newer GEO IP database uploaded to MaxMind. Using the old one for now.
[09-19 22:10:40]: [WARN] Could not download GeoLiteAPI database [FileNotFoundException]: plugins/AuthMe/GeoLite2-Country.mmdb (No such file or directory)
[09-19 22:10:40]: java.io.FileNotFoundException: plugins/AuthMe/GeoLite2-Country.mmdb (No such file or directory)
	at java.base/java.io.RandomAccessFile.open0(Native Method)
	at java.base/java.io.RandomAccessFile.open(RandomAccessFile.java:344)
	at java.base/java.io.RandomAccessFile.<init>(RandomAccessFile.java:259)
	at java.base/java.io.RandomAccessFile.<init>(RandomAccessFile.java:213)
	at AuthMe-5.6.0.jar//fr.xephi.authme.libs.com.maxmind.db.BufferHolder.<init>(BufferHolder.java:20)
	at AuthMe-5.6.0.jar//fr.xephi.authme.libs.com.maxmind.db.Reader.<init>(Reader.java:121)
	at AuthMe-5.6.0.jar//fr.xephi.authme.service.GeoIpService.startReading(GeoIpService.java:179)
	at AuthMe-5.6.0.jar//fr.xephi.authme.service.GeoIpService.updateDatabase(GeoIpService.java:150)
	at org.bukkit.craftbukkit.v1_20_R3.scheduler.CraftTask.run(CraftTask.java:101)
	at org.bukkit.craftbukkit.v1_20_R3.scheduler.CraftAsyncTask.run(CraftAsyncTask.java:57)
	at com.destroystokyo.paper.ServerSchedulerReportingWrapper.run(ServerSchedulerReportingWrapper.java:22)
	at java.base/java.util.concurrent.ThreadPoolExecutor.runWorker(ThreadPoolExecutor.java:1136)
	at java.base/java.util.concurrent.ThreadPoolExecutor$Worker.run(ThreadPoolExecutor.java:635)
	at java.base/java.lang.Thread.run(Thread.java:840)

[09-19 22:11:00]: [FINE] OmenTonremmm logged in 127.0.0.1
[09-19 22:19:48]: [INFO] AuthMe 5.6.0-bCUSTOM disabled!
[09-19 22:37:36]: [INFO] SQLite Setup finished
[09-19 22:37:36]: [INFO] Hooked into LuckPerms!
[09-19 22:37:36]: [INFO] Hooked successfully into Essentials
[09-19 22:37:36]: [INFO] AuthMe 5.6.0 build n.CUSTOM successfully enabled!
[09-19 22:37:37]: [INFO] Downloading GEO IP database, because the old database is older than 30 days or doesn't exist
[09-19 22:37:37]: [WARN] No MaxMind credentials found in the configuration file! GeoIp protections will be disabled.
[09-19 22:37:37]: [INFO] There is no newer GEO IP database uploaded to MaxMind. Using the old one for now.
[09-19 22:37:37]: [WARN] Could not download GeoLiteAPI database [FileNotFoundException]: plugins/AuthMe/GeoLite2-Country.mmdb (No such file or directory)
[09-19 22:37:37]: java.io.FileNotFoundException: plugins/AuthMe/GeoLite2-Country.mmdb (No such file or directory)
	at java.base/java.io.RandomAccessFile.open0(Native Method)
	at java.base/java.io.RandomAccessFile.open(RandomAccessFile.java:344)
	at java.base/java.io.RandomAccessFile.<init>(RandomAccessFile.java:259)
	at java.base/java.io.RandomAccessFile.<init>(RandomAccessFile.java:213)
	at AuthMe-5.6.0.jar//fr.xephi.authme.libs.com.maxmind.db.BufferHolder.<init>(BufferHolder.java:20)
	at AuthMe-5.6.0.jar//fr.xephi.authme.libs.com.maxmind.db.Reader.<init>(Reader.java:121)
	at AuthMe-5.6.0.jar//fr.xephi.authme.service.GeoIpService.startReading(GeoIpService.java:179)
	at AuthMe-5.6.0.jar//fr.xephi.authme.service.GeoIpService.updateDatabase(GeoIpService.java:150)
	at org.bukkit.craftbukkit.v1_20_R3.scheduler.CraftTask.run(CraftTask.java:101)
	at org.bukkit.craftbukkit.v1_20_R3.scheduler.CraftAsyncTask.run(CraftAsyncTask.java:57)
	at com.destroystokyo.paper.ServerSchedulerReportingWrapper.run(ServerSchedulerReportingWrapper.java:22)
	at java.base/java.util.concurrent.ThreadPoolExecutor.runWorker(ThreadPoolExecutor.java:1136)
	at java.base/java.util.concurrent.ThreadPoolExecutor$Worker.run(ThreadPoolExecutor.java:635)
	at java.base/java.lang.Thread.run(Thread.java:840)

[09-19 22:52:19]: [INFO] AuthMe 5.6.0-bCUSTOM disabled!
[09-19 22:52:48]: [INFO] SQLite Setup finished
[09-19 22:52:48]: [INFO] Hooked into LuckPerms!
[09-19 22:52:48]: [INFO] Hooked successfully into Essentials
[09-19 22:52:48]: [INFO] AuthMe 5.6.0 build n.CUSTOM successfully enabled!
[09-19 22:52:49]: [INFO] Downloading GEO IP database, because the old database is older than 30 days or doesn't exist
[09-19 22:52:49]: [WARN] No MaxMind credentials found in the configuration file! GeoIp protections will be disabled.
[09-19 22:52:49]: [INFO] There is no newer GEO IP database uploaded to MaxMind. Using the old one for now.
[09-19 22:52:49]: [WARN] Could not download GeoLiteAPI database [FileNotFoundException]: plugins/AuthMe/GeoLite2-Country.mmdb (No such file or directory)
[09-19 22:52:49]: java.io.FileNotFoundException: plugins/AuthMe/GeoLite2-Country.mmdb (No such file or directory)
	at java.base/java.io.RandomAccessFile.open0(Native Method)
	at java.base/java.io.RandomAccessFile.open(RandomAccessFile.java:344)
	at java.base/java.io.RandomAccessFile.<init>(RandomAccessFile.java:259)
	at java.base/java.io.RandomAccessFile.<init>(RandomAccessFile.java:213)
	at AuthMe-5.6.0.jar//fr.xephi.authme.libs.com.maxmind.db.BufferHolder.<init>(BufferHolder.java:20)
	at AuthMe-5.6.0.jar//fr.xephi.authme.libs.com.maxmind.db.Reader.<init>(Reader.java:121)
	at AuthMe-5.6.0.jar//fr.xephi.authme.service.GeoIpService.startReading(GeoIpService.java:179)
	at AuthMe-5.6.0.jar//fr.xephi.authme.service.GeoIpService.updateDatabase(GeoIpService.java:150)
	at org.bukkit.craftbukkit.v1_20_R3.scheduler.CraftTask.run(CraftTask.java:101)
	at org.bukkit.craftbukkit.v1_20_R3.scheduler.CraftAsyncTask.run(CraftAsyncTask.java:57)
	at com.destroystokyo.paper.ServerSchedulerReportingWrapper.run(ServerSchedulerReportingWrapper.java:22)
	at java.base/java.util.concurrent.ThreadPoolExecutor.runWorker(ThreadPoolExecutor.java:1136)
	at java.base/java.util.concurrent.ThreadPoolExecutor$Worker.run(ThreadPoolExecutor.java:635)
	at java.base/java.lang.Thread.run(Thread.java:840)

[09-19 22:56:31]: [INFO] AuthMe 5.6.0-bCUSTOM disabled!
[09-20 10:02:04]: [INFO] SQLite Setup finished
[09-20 10:02:04]: [INFO] Hooked into LuckPerms!
[09-20 10:02:04]: [INFO] Hooked successfully into Essentials
[09-20 10:02:04]: [INFO] AuthMe 5.6.0 build n.CUSTOM successfully enabled!
[09-20 10:02:09]: [INFO] Downloading GEO IP database, because the old database is older than 30 days or doesn't exist
[09-20 10:02:09]: [WARN] No MaxMind credentials found in the configuration file! GeoIp protections will be disabled.
[09-20 10:02:09]: [INFO] There is no newer GEO IP database uploaded to MaxMind. Using the old one for now.
[09-20 10:02:09]: [WARN] Could not download GeoLiteAPI database [FileNotFoundException]: plugins/AuthMe/GeoLite2-Country.mmdb (No such file or directory)
[09-20 10:02:09]: java.io.FileNotFoundException: plugins/AuthMe/GeoLite2-Country.mmdb (No such file or directory)
	at java.base/java.io.RandomAccessFile.open0(Native Method)
	at java.base/java.io.RandomAccessFile.open(RandomAccessFile.java:344)
	at java.base/java.io.RandomAccessFile.<init>(RandomAccessFile.java:259)
	at java.base/java.io.RandomAccessFile.<init>(RandomAccessFile.java:213)
	at AuthMe-5.6.0.jar//fr.xephi.authme.libs.com.maxmind.db.BufferHolder.<init>(BufferHolder.java:20)
	at AuthMe-5.6.0.jar//fr.xephi.authme.libs.com.maxmind.db.Reader.<init>(Reader.java:121)
	at AuthMe-5.6.0.jar//fr.xephi.authme.service.GeoIpService.startReading(GeoIpService.java:179)
	at AuthMe-5.6.0.jar//fr.xephi.authme.service.GeoIpService.updateDatabase(GeoIpService.java:150)
	at org.bukkit.craftbukkit.v1_20_R3.scheduler.CraftTask.run(CraftTask.java:101)
	at org.bukkit.craftbukkit.v1_20_R3.scheduler.CraftAsyncTask.run(CraftAsyncTask.java:57)
	at com.destroystokyo.paper.ServerSchedulerReportingWrapper.run(ServerSchedulerReportingWrapper.java:22)
	at java.base/java.util.concurrent.ThreadPoolExecutor.runWorker(ThreadPoolExecutor.java:1136)
	at java.base/java.util.concurrent.ThreadPoolExecutor$Worker.run(ThreadPoolExecutor.java:635)
	at java.base/java.lang.Thread.run(Thread.java:840)

[09-20 10:03:17]: [FINE] OmenTonremmm logged in 127.0.0.1
[09-20 10:36:16]: [INFO] AuthMe 5.6.0-bCUSTOM disabled!
[09-20 10:46:35]: [INFO] SQLite Setup finished
[09-20 10:46:35]: [INFO] Hooked into LuckPerms!
[09-20 10:46:35]: [INFO] Hooked successfully into Essentials
[09-20 10:46:35]: [INFO] AuthMe 5.6.0 build n.CUSTOM successfully enabled!
[09-20 10:46:37]: [INFO] Downloading GEO IP database, because the old database is older than 30 days or doesn't exist
[09-20 10:46:37]: [WARN] No MaxMind credentials found in the configuration file! GeoIp protections will be disabled.
[09-20 10:46:37]: [INFO] There is no newer GEO IP database uploaded to MaxMind. Using the old one for now.
[09-20 10:46:37]: [WARN] Could not download GeoLiteAPI database [FileNotFoundException]: plugins/AuthMe/GeoLite2-Country.mmdb (No such file or directory)
[09-20 10:46:37]: java.io.FileNotFoundException: plugins/AuthMe/GeoLite2-Country.mmdb (No such file or directory)
	at java.base/java.io.RandomAccessFile.open0(Native Method)
	at java.base/java.io.RandomAccessFile.open(RandomAccessFile.java:344)
	at java.base/java.io.RandomAccessFile.<init>(RandomAccessFile.java:259)
	at java.base/java.io.RandomAccessFile.<init>(RandomAccessFile.java:213)
	at AuthMe-5.6.0.jar//fr.xephi.authme.libs.com.maxmind.db.BufferHolder.<init>(BufferHolder.java:20)
	at AuthMe-5.6.0.jar//fr.xephi.authme.libs.com.maxmind.db.Reader.<init>(Reader.java:121)
	at AuthMe-5.6.0.jar//fr.xephi.authme.service.GeoIpService.startReading(GeoIpService.java:179)
	at AuthMe-5.6.0.jar//fr.xephi.authme.service.GeoIpService.updateDatabase(GeoIpService.java:150)
	at org.bukkit.craftbukkit.v1_20_R3.scheduler.CraftTask.run(CraftTask.java:101)
	at org.bukkit.craftbukkit.v1_20_R3.scheduler.CraftAsyncTask.run(CraftAsyncTask.java:57)
	at com.destroystokyo.paper.ServerSchedulerReportingWrapper.run(ServerSchedulerReportingWrapper.java:22)
	at java.base/java.util.concurrent.ThreadPoolExecutor.runWorker(ThreadPoolExecutor.java:1136)
	at java.base/java.util.concurrent.ThreadPoolExecutor$Worker.run(ThreadPoolExecutor.java:635)
	at java.base/java.lang.Thread.run(Thread.java:840)

[09-20 10:49:34]: [INFO] AuthMe 5.6.0-bCUSTOM disabled!
[09-20 10:50:05]: [INFO] SQLite Setup finished
[09-20 10:50:05]: [INFO] Hooked into LuckPerms!
[09-20 10:50:05]: [INFO] Hooked successfully into Essentials
[09-20 10:50:06]: [INFO] AuthMe 5.6.0 build n.CUSTOM successfully enabled!
[09-20 10:50:07]: [INFO] Downloading GEO IP database, because the old database is older than 30 days or doesn't exist
[09-20 10:50:07]: [WARN] No MaxMind credentials found in the configuration file! GeoIp protections will be disabled.
[09-20 10:50:07]: [INFO] There is no newer GEO IP database uploaded to MaxMind. Using the old one for now.
[09-20 10:50:07]: [WARN] Could not download GeoLiteAPI database [FileNotFoundException]: plugins/AuthMe/GeoLite2-Country.mmdb (No such file or directory)
[09-20 10:50:07]: java.io.FileNotFoundException: plugins/AuthMe/GeoLite2-Country.mmdb (No such file or directory)
	at java.base/java.io.RandomAccessFile.open0(Native Method)
	at java.base/java.io.RandomAccessFile.open(RandomAccessFile.java:344)
	at java.base/java.io.RandomAccessFile.<init>(RandomAccessFile.java:259)
	at java.base/java.io.RandomAccessFile.<init>(RandomAccessFile.java:213)
	at AuthMe-5.6.0.jar//fr.xephi.authme.libs.com.maxmind.db.BufferHolder.<init>(BufferHolder.java:20)
	at AuthMe-5.6.0.jar//fr.xephi.authme.libs.com.maxmind.db.Reader.<init>(Reader.java:121)
	at AuthMe-5.6.0.jar//fr.xephi.authme.service.GeoIpService.startReading(GeoIpService.java:179)
	at AuthMe-5.6.0.jar//fr.xephi.authme.service.GeoIpService.updateDatabase(GeoIpService.java:150)
	at org.bukkit.craftbukkit.v1_20_R3.scheduler.CraftTask.run(CraftTask.java:101)
	at org.bukkit.craftbukkit.v1_20_R3.scheduler.CraftAsyncTask.run(CraftAsyncTask.java:57)
	at com.destroystokyo.paper.ServerSchedulerReportingWrapper.run(ServerSchedulerReportingWrapper.java:22)
	at java.base/java.util.concurrent.ThreadPoolExecutor.runWorker(ThreadPoolExecutor.java:1136)
	at java.base/java.util.concurrent.ThreadPoolExecutor$Worker.run(ThreadPoolExecutor.java:635)
	at java.base/java.lang.Thread.run(Thread.java:840)

[09-20 10:51:26]: [INFO] AuthMe 5.6.0-bCUSTOM disabled!
[09-20 10:51:57]: [INFO] SQLite Setup finished
[09-20 10:51:57]: [INFO] Hooked into LuckPerms!
[09-20 10:51:57]: [INFO] Hooked successfully into Essentials
[09-20 10:51:57]: [INFO] AuthMe 5.6.0 build n.CUSTOM successfully enabled!
[09-20 10:51:59]: [INFO] Downloading GEO IP database, because the old database is older than 30 days or doesn't exist
[09-20 10:51:59]: [WARN] No MaxMind credentials found in the configuration file! GeoIp protections will be disabled.
[09-20 10:51:59]: [INFO] There is no newer GEO IP database uploaded to MaxMind. Using the old one for now.
[09-20 10:51:59]: [WARN] Could not download GeoLiteAPI database [FileNotFoundException]: plugins/AuthMe/GeoLite2-Country.mmdb (No such file or directory)
[09-20 10:51:59]: java.io.FileNotFoundException: plugins/AuthMe/GeoLite2-Country.mmdb (No such file or directory)
	at java.base/java.io.RandomAccessFile.open0(Native Method)
	at java.base/java.io.RandomAccessFile.open(RandomAccessFile.java:344)
	at java.base/java.io.RandomAccessFile.<init>(RandomAccessFile.java:259)
	at java.base/java.io.RandomAccessFile.<init>(RandomAccessFile.java:213)
	at AuthMe-5.6.0.jar//fr.xephi.authme.libs.com.maxmind.db.BufferHolder.<init>(BufferHolder.java:20)
	at AuthMe-5.6.0.jar//fr.xephi.authme.libs.com.maxmind.db.Reader.<init>(Reader.java:121)
	at AuthMe-5.6.0.jar//fr.xephi.authme.service.GeoIpService.startReading(GeoIpService.java:179)
	at AuthMe-5.6.0.jar//fr.xephi.authme.service.GeoIpService.updateDatabase(GeoIpService.java:150)
	at org.bukkit.craftbukkit.v1_20_R3.scheduler.CraftTask.run(CraftTask.java:101)
	at org.bukkit.craftbukkit.v1_20_R3.scheduler.CraftAsyncTask.run(CraftAsyncTask.java:57)
	at com.destroystokyo.paper.ServerSchedulerReportingWrapper.run(ServerSchedulerReportingWrapper.java:22)
	at java.base/java.util.concurrent.ThreadPoolExecutor.runWorker(ThreadPoolExecutor.java:1136)
	at java.base/java.util.concurrent.ThreadPoolExecutor$Worker.run(ThreadPoolExecutor.java:635)
	at java.base/java.lang.Thread.run(Thread.java:840)

